#! /usr/bin/vvp
:ivl_version "11.0 (stable)";
:ivl_delay_selection "TYPICAL";
:vpi_time_precision - 12;
:vpi_module "/usr/lib/x86_64-linux-gnu/ivl/system.vpi";
:vpi_module "/usr/lib/x86_64-linux-gnu/ivl/vhdl_sys.vpi";
:vpi_module "/usr/lib/x86_64-linux-gnu/ivl/vhdl_textio.vpi";
:vpi_module "/usr/lib/x86_64-linux-gnu/ivl/v2005_math.vpi";
:vpi_module "/usr/lib/x86_64-linux-gnu/ivl/va_math.vpi";
S_0x624d52a2ad10 .scope module, "dispatch" "dispatch" 2 1;
 .timescale 0 0;
    .port_info 0 /INPUT 1 "clk";
    .port_info 1 /INPUT 1 "reset";
    .port_info 2 /INPUT 7 "p_rs1";
    .port_info 3 /INPUT 7 "p_rs2";
    .port_info 4 /INPUT 7 "p_rd";
    .port_info 5 /INPUT 4 "rob_tag";
    .port_info 6 /INPUT 1 "branch";
    .port_info 7 /INPUT 1 "valid_i";
    .port_info 8 /OUTPUT 1 "valid_o";
    .port_info 9 /INPUT 1 "ready_o";
    .port_info 10 /OUTPUT 1 "ready_i";
    .port_info 11 /INPUT 1 "retire_valid";
    .port_info 12 /INPUT 7 "retire_preg";
o0x77ee52ee8138 .functor BUFZ 1, C4<z>; HiZ drive
L_0x624d52a708e0 .functor BUFZ 1, o0x77ee52ee8138, C4<0>, C4<0>, C4<0>;
L_0x624d52a72fb0 .functor BUFZ 1, L_0x624d52a708e0, C4<0>, C4<0>, C4<0>;
o0x77ee52ee80a8 .functor BUFZ 1, C4<z>; HiZ drive
L_0x624d52a3f9d0 .functor BUFZ 1, o0x77ee52ee80a8, C4<0>, C4<0>, C4<0>;
L_0x624d52ab1af0 .functor BUFZ 1, v0x624d52a997e0_0, C4<0>, C4<0>, C4<0>;
L_0x624d52ab1be0 .functor BUFZ 1, v0x624d52a99930_0, C4<0>, C4<0>, C4<0>;
v0x624d52a9ebc0_0 .net *"_ivl_0", 25 0, L_0x624d52aa04b0;  1 drivers
L_0x77ee52e9f138 .functor BUFT 1, C4<00000000000000000000000000000000>, C4<0>, C4<0>, C4<0>;
v0x624d52a9ecc0_0 .net/2s *"_ivl_18", 31 0, L_0x77ee52e9f138;  1 drivers
L_0x77ee52e9f2a0 .functor BUFT 1, C4<00000000000000000000000000000000>, C4<0>, C4<0>, C4<0>;
v0x624d52a9eda0_0 .net/2s *"_ivl_30", 31 0, L_0x77ee52e9f2a0;  1 drivers
L_0x77ee52e9f2e8 .functor BUFT 1, C4<00000000000000000000000000000000>, C4<0>, C4<0>, C4<0>;
v0x624d52a9ee90_0 .net/2s *"_ivl_34", 31 0, L_0x77ee52e9f2e8;  1 drivers
L_0x77ee52e9f018 .functor BUFT 1, C4<000000000000000000000000000000000>, C4<0>, C4<0>, C4<0>;
v0x624d52a9ef70_0 .net *"_ivl_5", 32 0, L_0x77ee52e9f018;  1 drivers
o0x77ee52eeb6a8 .functor BUFZ 1, C4<z>; HiZ drive
v0x624d52a9f050_0 .net "branch", 0 0, o0x77ee52eeb6a8;  0 drivers
o0x77ee52ee8048 .functor BUFZ 1, C4<z>; HiZ drive
v0x624d52a9f0f0_0 .net "clk", 0 0, o0x77ee52ee8048;  0 drivers
o0x77ee52eeb7c8 .functor BUFZ 7, C4<zzzzzzz>; HiZ drive
v0x624d52a9f190_0 .net "p_rd", 6 0, o0x77ee52eeb7c8;  0 drivers
o0x77ee52eebeb8 .functor BUFZ 7, C4<zzzzzzz>; HiZ drive
v0x624d52a9f230_0 .net "p_rs1", 6 0, o0x77ee52eebeb8;  0 drivers
o0x77ee52eebf48 .functor BUFZ 7, C4<zzzzzzz>; HiZ drive
v0x624d52a9f380_0 .net "p_rs2", 6 0, o0x77ee52eebf48;  0 drivers
v0x624d52a9f450_0 .net "pipe_in", 58 0, L_0x624d52aa0620;  1 drivers
v0x624d52a9f520_0 .net "pipe_out", 58 0, v0x624d52a972a0_0;  1 drivers
v0x624d52a9f5f0_0 .net "pipe_valid", 0 0, L_0x624d52a708e0;  1 drivers
v0x624d52a9f690_0 .net "prs1_data", 31 0, v0x624d52a981f0_0;  1 drivers
v0x624d52a9f780_0 .net "prs1_ready", 0 0, v0x624d52a997e0_0;  1 drivers
v0x624d52a9f850_0 .net "prs2_data", 31 0, v0x624d52a982b0_0;  1 drivers
v0x624d52a9f920_0 .net "prs2_ready", 0 0, v0x624d52a99930_0;  1 drivers
v0x624d52a9fb00_0 .net "ready_i", 0 0, L_0x624d52a3f9d0;  1 drivers
v0x624d52a9fba0_0 .net "ready_o", 0 0, o0x77ee52ee80a8;  0 drivers
o0x77ee52ee80d8 .functor BUFZ 1, C4<z>; HiZ drive
v0x624d52a9fc70_0 .net "reset", 0 0, o0x77ee52ee80d8;  0 drivers
o0x77ee52ee8318 .functor BUFZ 7, C4<zzzzzzz>; HiZ drive
v0x624d52a9fd10_0 .net "retire_preg", 6 0, o0x77ee52ee8318;  0 drivers
o0x77ee52eeb438 .functor BUFZ 1, C4<z>; HiZ drive
v0x624d52a9fde0_0 .net "retire_valid", 0 0, o0x77ee52eeb438;  0 drivers
v0x624d52a9feb0_0 .net "rob_empty", 0 0, v0x624d52a9b910_0;  1 drivers
v0x624d52a9ff80_0 .net "rob_full", 0 0, v0x624d52a9b9d0_0;  1 drivers
o0x77ee52eeb858 .functor BUFZ 4, C4<zzzz>; HiZ drive
v0x624d52aa0050_0 .net "rob_tag", 3 0, o0x77ee52eeb858;  0 drivers
v0x624d52aa00f0_0 .net "rs1_ready_to_rs", 0 0, L_0x624d52ab1af0;  1 drivers
v0x624d52aa0190_0 .net "rs2_ready_to_rs", 0 0, L_0x624d52ab1be0;  1 drivers
v0x624d52aa0230_0 .net "valid_i", 0 0, o0x77ee52ee8138;  0 drivers
v0x624d52aa02d0_0 .net "valid_o", 0 0, L_0x624d52a72fb0;  1 drivers
LS_0x624d52aa04b0_0_0 .concat [ 1 4 7 7], o0x77ee52eeb6a8, o0x77ee52eeb858, o0x77ee52eebf48, o0x77ee52eebeb8;
LS_0x624d52aa04b0_0_4 .concat [ 7 0 0 0], o0x77ee52eeb7c8;
L_0x624d52aa04b0 .concat [ 19 7 0 0], LS_0x624d52aa04b0_0_0, LS_0x624d52aa04b0_0_4;
L_0x624d52aa0620 .concat [ 26 33 0 0], L_0x624d52aa04b0, L_0x77ee52e9f018;
L_0x624d52ab1870 .part L_0x77ee52e9f138, 0, 1;
L_0x624d52ab1960 .part L_0x77ee52e9f2a0, 0, 7;
L_0x624d52ab1a00 .part L_0x77ee52e9f2e8, 0, 7;
S_0x624d52a2aed0 .scope module, "PIPE" "pipe_buf" 2 30, 3 1 0, S_0x624d52a2ad10;
 .timescale 0 0;
    .port_info 0 /INPUT 1 "clk";
    .port_info 1 /INPUT 1 "reset";
    .port_info 2 /INPUT 59 "write_data";
    .port_info 3 /INPUT 1 "write_en";
    .port_info 4 /INPUT 1 "read_en";
    .port_info 5 /OUTPUT 59 "read_data";
v0x624d52a3c6f0_0 .var "buffer", 58 0;
v0x624d52a730d0_0 .net "clk", 0 0, o0x77ee52ee8048;  alias, 0 drivers
v0x624d52a972a0_0 .var "read_data", 58 0;
v0x624d52a97360_0 .net "read_en", 0 0, o0x77ee52ee80a8;  alias, 0 drivers
v0x624d52a97420_0 .net "reset", 0 0, o0x77ee52ee80d8;  alias, 0 drivers
v0x624d52a97530_0 .net "write_data", 58 0, L_0x624d52aa0620;  alias, 1 drivers
v0x624d52a97610_0 .net "write_en", 0 0, o0x77ee52ee8138;  alias, 0 drivers
E_0x624d52a3ebe0 .event posedge, v0x624d52a730d0_0;
S_0x624d52a37bf0 .scope module, "PRF" "prf" 2 87, 4 1 0, S_0x624d52a2ad10;
 .timescale 0 0;
    .port_info 0 /INPUT 1 "clk";
    .port_info 1 /INPUT 1 "reset";
    .port_info 2 /INPUT 7 "prs1";
    .port_info 3 /INPUT 7 "prs2";
    .port_info 4 /OUTPUT 32 "data1";
    .port_info 5 /OUTPUT 32 "data2";
    .port_info 6 /OUTPUT 1 "ready1";
    .port_info 7 /OUTPUT 1 "ready2";
    .port_info 8 /INPUT 1 "write_en";
    .port_info 9 /INPUT 7 "prd";
    .port_info 10 /INPUT 32 "write_data";
v0x624d52a98130_0 .net "clk", 0 0, o0x77ee52ee8048;  alias, 0 drivers
v0x624d52a981f0_0 .var "data1", 31 0;
v0x624d52a982b0_0 .var "data2", 31 0;
v0x624d52a98370_0 .var/i "i", 31 0;
v0x624d52a98450_0 .net "prd", 6 0, o0x77ee52ee8318;  alias, 0 drivers
v0x624d52a98580_0 .net "prs1", 6 0, L_0x624d52ab1960;  1 drivers
v0x624d52a98660_0 .net "prs2", 6 0, L_0x624d52ab1a00;  1 drivers
v0x624d52a98740 .array "ready", 127 0, 0 0;
v0x624d52a997e0_0 .var "ready1", 0 0;
v0x624d52a99930_0 .var "ready2", 0 0;
v0x624d52a999f0 .array "regfile", 127 0, 31 0;
v0x624d52a9aec0_0 .net "reset", 0 0, o0x77ee52ee80d8;  alias, 0 drivers
L_0x77ee52e9f330 .functor BUFT 1, C4<00000000000000000000000000000000>, C4<0>, C4<0>, C4<0>;
v0x624d52a9af60_0 .net "write_data", 31 0, L_0x77ee52e9f330;  1 drivers
v0x624d52a9b020_0 .net "write_en", 0 0, o0x77ee52eeb438;  alias, 0 drivers
v0x624d52a999f0_0 .array/port v0x624d52a999f0, 0;
v0x624d52a999f0_1 .array/port v0x624d52a999f0, 1;
v0x624d52a999f0_2 .array/port v0x624d52a999f0, 2;
E_0x624d52a44f70/0 .event edge, v0x624d52a98580_0, v0x624d52a999f0_0, v0x624d52a999f0_1, v0x624d52a999f0_2;
v0x624d52a999f0_3 .array/port v0x624d52a999f0, 3;
v0x624d52a999f0_4 .array/port v0x624d52a999f0, 4;
v0x624d52a999f0_5 .array/port v0x624d52a999f0, 5;
v0x624d52a999f0_6 .array/port v0x624d52a999f0, 6;
E_0x624d52a44f70/1 .event edge, v0x624d52a999f0_3, v0x624d52a999f0_4, v0x624d52a999f0_5, v0x624d52a999f0_6;
v0x624d52a999f0_7 .array/port v0x624d52a999f0, 7;
v0x624d52a999f0_8 .array/port v0x624d52a999f0, 8;
v0x624d52a999f0_9 .array/port v0x624d52a999f0, 9;
v0x624d52a999f0_10 .array/port v0x624d52a999f0, 10;
E_0x624d52a44f70/2 .event edge, v0x624d52a999f0_7, v0x624d52a999f0_8, v0x624d52a999f0_9, v0x624d52a999f0_10;
v0x624d52a999f0_11 .array/port v0x624d52a999f0, 11;
v0x624d52a999f0_12 .array/port v0x624d52a999f0, 12;
v0x624d52a999f0_13 .array/port v0x624d52a999f0, 13;
v0x624d52a999f0_14 .array/port v0x624d52a999f0, 14;
E_0x624d52a44f70/3 .event edge, v0x624d52a999f0_11, v0x624d52a999f0_12, v0x624d52a999f0_13, v0x624d52a999f0_14;
v0x624d52a999f0_15 .array/port v0x624d52a999f0, 15;
v0x624d52a999f0_16 .array/port v0x624d52a999f0, 16;
v0x624d52a999f0_17 .array/port v0x624d52a999f0, 17;
v0x624d52a999f0_18 .array/port v0x624d52a999f0, 18;
E_0x624d52a44f70/4 .event edge, v0x624d52a999f0_15, v0x624d52a999f0_16, v0x624d52a999f0_17, v0x624d52a999f0_18;
v0x624d52a999f0_19 .array/port v0x624d52a999f0, 19;
v0x624d52a999f0_20 .array/port v0x624d52a999f0, 20;
v0x624d52a999f0_21 .array/port v0x624d52a999f0, 21;
v0x624d52a999f0_22 .array/port v0x624d52a999f0, 22;
E_0x624d52a44f70/5 .event edge, v0x624d52a999f0_19, v0x624d52a999f0_20, v0x624d52a999f0_21, v0x624d52a999f0_22;
v0x624d52a999f0_23 .array/port v0x624d52a999f0, 23;
v0x624d52a999f0_24 .array/port v0x624d52a999f0, 24;
v0x624d52a999f0_25 .array/port v0x624d52a999f0, 25;
v0x624d52a999f0_26 .array/port v0x624d52a999f0, 26;
E_0x624d52a44f70/6 .event edge, v0x624d52a999f0_23, v0x624d52a999f0_24, v0x624d52a999f0_25, v0x624d52a999f0_26;
v0x624d52a999f0_27 .array/port v0x624d52a999f0, 27;
v0x624d52a999f0_28 .array/port v0x624d52a999f0, 28;
v0x624d52a999f0_29 .array/port v0x624d52a999f0, 29;
v0x624d52a999f0_30 .array/port v0x624d52a999f0, 30;
E_0x624d52a44f70/7 .event edge, v0x624d52a999f0_27, v0x624d52a999f0_28, v0x624d52a999f0_29, v0x624d52a999f0_30;
v0x624d52a999f0_31 .array/port v0x624d52a999f0, 31;
v0x624d52a999f0_32 .array/port v0x624d52a999f0, 32;
v0x624d52a999f0_33 .array/port v0x624d52a999f0, 33;
v0x624d52a999f0_34 .array/port v0x624d52a999f0, 34;
E_0x624d52a44f70/8 .event edge, v0x624d52a999f0_31, v0x624d52a999f0_32, v0x624d52a999f0_33, v0x624d52a999f0_34;
v0x624d52a999f0_35 .array/port v0x624d52a999f0, 35;
v0x624d52a999f0_36 .array/port v0x624d52a999f0, 36;
v0x624d52a999f0_37 .array/port v0x624d52a999f0, 37;
v0x624d52a999f0_38 .array/port v0x624d52a999f0, 38;
E_0x624d52a44f70/9 .event edge, v0x624d52a999f0_35, v0x624d52a999f0_36, v0x624d52a999f0_37, v0x624d52a999f0_38;
v0x624d52a999f0_39 .array/port v0x624d52a999f0, 39;
v0x624d52a999f0_40 .array/port v0x624d52a999f0, 40;
v0x624d52a999f0_41 .array/port v0x624d52a999f0, 41;
v0x624d52a999f0_42 .array/port v0x624d52a999f0, 42;
E_0x624d52a44f70/10 .event edge, v0x624d52a999f0_39, v0x624d52a999f0_40, v0x624d52a999f0_41, v0x624d52a999f0_42;
v0x624d52a999f0_43 .array/port v0x624d52a999f0, 43;
v0x624d52a999f0_44 .array/port v0x624d52a999f0, 44;
v0x624d52a999f0_45 .array/port v0x624d52a999f0, 45;
v0x624d52a999f0_46 .array/port v0x624d52a999f0, 46;
E_0x624d52a44f70/11 .event edge, v0x624d52a999f0_43, v0x624d52a999f0_44, v0x624d52a999f0_45, v0x624d52a999f0_46;
v0x624d52a999f0_47 .array/port v0x624d52a999f0, 47;
v0x624d52a999f0_48 .array/port v0x624d52a999f0, 48;
v0x624d52a999f0_49 .array/port v0x624d52a999f0, 49;
v0x624d52a999f0_50 .array/port v0x624d52a999f0, 50;
E_0x624d52a44f70/12 .event edge, v0x624d52a999f0_47, v0x624d52a999f0_48, v0x624d52a999f0_49, v0x624d52a999f0_50;
v0x624d52a999f0_51 .array/port v0x624d52a999f0, 51;
v0x624d52a999f0_52 .array/port v0x624d52a999f0, 52;
v0x624d52a999f0_53 .array/port v0x624d52a999f0, 53;
v0x624d52a999f0_54 .array/port v0x624d52a999f0, 54;
E_0x624d52a44f70/13 .event edge, v0x624d52a999f0_51, v0x624d52a999f0_52, v0x624d52a999f0_53, v0x624d52a999f0_54;
v0x624d52a999f0_55 .array/port v0x624d52a999f0, 55;
v0x624d52a999f0_56 .array/port v0x624d52a999f0, 56;
v0x624d52a999f0_57 .array/port v0x624d52a999f0, 57;
v0x624d52a999f0_58 .array/port v0x624d52a999f0, 58;
E_0x624d52a44f70/14 .event edge, v0x624d52a999f0_55, v0x624d52a999f0_56, v0x624d52a999f0_57, v0x624d52a999f0_58;
v0x624d52a999f0_59 .array/port v0x624d52a999f0, 59;
v0x624d52a999f0_60 .array/port v0x624d52a999f0, 60;
v0x624d52a999f0_61 .array/port v0x624d52a999f0, 61;
v0x624d52a999f0_62 .array/port v0x624d52a999f0, 62;
E_0x624d52a44f70/15 .event edge, v0x624d52a999f0_59, v0x624d52a999f0_60, v0x624d52a999f0_61, v0x624d52a999f0_62;
v0x624d52a999f0_63 .array/port v0x624d52a999f0, 63;
v0x624d52a999f0_64 .array/port v0x624d52a999f0, 64;
v0x624d52a999f0_65 .array/port v0x624d52a999f0, 65;
v0x624d52a999f0_66 .array/port v0x624d52a999f0, 66;
E_0x624d52a44f70/16 .event edge, v0x624d52a999f0_63, v0x624d52a999f0_64, v0x624d52a999f0_65, v0x624d52a999f0_66;
v0x624d52a999f0_67 .array/port v0x624d52a999f0, 67;
v0x624d52a999f0_68 .array/port v0x624d52a999f0, 68;
v0x624d52a999f0_69 .array/port v0x624d52a999f0, 69;
v0x624d52a999f0_70 .array/port v0x624d52a999f0, 70;
E_0x624d52a44f70/17 .event edge, v0x624d52a999f0_67, v0x624d52a999f0_68, v0x624d52a999f0_69, v0x624d52a999f0_70;
v0x624d52a999f0_71 .array/port v0x624d52a999f0, 71;
v0x624d52a999f0_72 .array/port v0x624d52a999f0, 72;
v0x624d52a999f0_73 .array/port v0x624d52a999f0, 73;
v0x624d52a999f0_74 .array/port v0x624d52a999f0, 74;
E_0x624d52a44f70/18 .event edge, v0x624d52a999f0_71, v0x624d52a999f0_72, v0x624d52a999f0_73, v0x624d52a999f0_74;
v0x624d52a999f0_75 .array/port v0x624d52a999f0, 75;
v0x624d52a999f0_76 .array/port v0x624d52a999f0, 76;
v0x624d52a999f0_77 .array/port v0x624d52a999f0, 77;
v0x624d52a999f0_78 .array/port v0x624d52a999f0, 78;
E_0x624d52a44f70/19 .event edge, v0x624d52a999f0_75, v0x624d52a999f0_76, v0x624d52a999f0_77, v0x624d52a999f0_78;
v0x624d52a999f0_79 .array/port v0x624d52a999f0, 79;
v0x624d52a999f0_80 .array/port v0x624d52a999f0, 80;
v0x624d52a999f0_81 .array/port v0x624d52a999f0, 81;
v0x624d52a999f0_82 .array/port v0x624d52a999f0, 82;
E_0x624d52a44f70/20 .event edge, v0x624d52a999f0_79, v0x624d52a999f0_80, v0x624d52a999f0_81, v0x624d52a999f0_82;
v0x624d52a999f0_83 .array/port v0x624d52a999f0, 83;
v0x624d52a999f0_84 .array/port v0x624d52a999f0, 84;
v0x624d52a999f0_85 .array/port v0x624d52a999f0, 85;
v0x624d52a999f0_86 .array/port v0x624d52a999f0, 86;
E_0x624d52a44f70/21 .event edge, v0x624d52a999f0_83, v0x624d52a999f0_84, v0x624d52a999f0_85, v0x624d52a999f0_86;
v0x624d52a999f0_87 .array/port v0x624d52a999f0, 87;
v0x624d52a999f0_88 .array/port v0x624d52a999f0, 88;
v0x624d52a999f0_89 .array/port v0x624d52a999f0, 89;
v0x624d52a999f0_90 .array/port v0x624d52a999f0, 90;
E_0x624d52a44f70/22 .event edge, v0x624d52a999f0_87, v0x624d52a999f0_88, v0x624d52a999f0_89, v0x624d52a999f0_90;
v0x624d52a999f0_91 .array/port v0x624d52a999f0, 91;
v0x624d52a999f0_92 .array/port v0x624d52a999f0, 92;
v0x624d52a999f0_93 .array/port v0x624d52a999f0, 93;
v0x624d52a999f0_94 .array/port v0x624d52a999f0, 94;
E_0x624d52a44f70/23 .event edge, v0x624d52a999f0_91, v0x624d52a999f0_92, v0x624d52a999f0_93, v0x624d52a999f0_94;
v0x624d52a999f0_95 .array/port v0x624d52a999f0, 95;
v0x624d52a999f0_96 .array/port v0x624d52a999f0, 96;
v0x624d52a999f0_97 .array/port v0x624d52a999f0, 97;
v0x624d52a999f0_98 .array/port v0x624d52a999f0, 98;
E_0x624d52a44f70/24 .event edge, v0x624d52a999f0_95, v0x624d52a999f0_96, v0x624d52a999f0_97, v0x624d52a999f0_98;
v0x624d52a999f0_99 .array/port v0x624d52a999f0, 99;
v0x624d52a999f0_100 .array/port v0x624d52a999f0, 100;
v0x624d52a999f0_101 .array/port v0x624d52a999f0, 101;
v0x624d52a999f0_102 .array/port v0x624d52a999f0, 102;
E_0x624d52a44f70/25 .event edge, v0x624d52a999f0_99, v0x624d52a999f0_100, v0x624d52a999f0_101, v0x624d52a999f0_102;
v0x624d52a999f0_103 .array/port v0x624d52a999f0, 103;
v0x624d52a999f0_104 .array/port v0x624d52a999f0, 104;
v0x624d52a999f0_105 .array/port v0x624d52a999f0, 105;
v0x624d52a999f0_106 .array/port v0x624d52a999f0, 106;
E_0x624d52a44f70/26 .event edge, v0x624d52a999f0_103, v0x624d52a999f0_104, v0x624d52a999f0_105, v0x624d52a999f0_106;
v0x624d52a999f0_107 .array/port v0x624d52a999f0, 107;
v0x624d52a999f0_108 .array/port v0x624d52a999f0, 108;
v0x624d52a999f0_109 .array/port v0x624d52a999f0, 109;
v0x624d52a999f0_110 .array/port v0x624d52a999f0, 110;
E_0x624d52a44f70/27 .event edge, v0x624d52a999f0_107, v0x624d52a999f0_108, v0x624d52a999f0_109, v0x624d52a999f0_110;
v0x624d52a999f0_111 .array/port v0x624d52a999f0, 111;
v0x624d52a999f0_112 .array/port v0x624d52a999f0, 112;
v0x624d52a999f0_113 .array/port v0x624d52a999f0, 113;
v0x624d52a999f0_114 .array/port v0x624d52a999f0, 114;
E_0x624d52a44f70/28 .event edge, v0x624d52a999f0_111, v0x624d52a999f0_112, v0x624d52a999f0_113, v0x624d52a999f0_114;
v0x624d52a999f0_115 .array/port v0x624d52a999f0, 115;
v0x624d52a999f0_116 .array/port v0x624d52a999f0, 116;
v0x624d52a999f0_117 .array/port v0x624d52a999f0, 117;
v0x624d52a999f0_118 .array/port v0x624d52a999f0, 118;
E_0x624d52a44f70/29 .event edge, v0x624d52a999f0_115, v0x624d52a999f0_116, v0x624d52a999f0_117, v0x624d52a999f0_118;
v0x624d52a999f0_119 .array/port v0x624d52a999f0, 119;
v0x624d52a999f0_120 .array/port v0x624d52a999f0, 120;
v0x624d52a999f0_121 .array/port v0x624d52a999f0, 121;
v0x624d52a999f0_122 .array/port v0x624d52a999f0, 122;
E_0x624d52a44f70/30 .event edge, v0x624d52a999f0_119, v0x624d52a999f0_120, v0x624d52a999f0_121, v0x624d52a999f0_122;
v0x624d52a999f0_123 .array/port v0x624d52a999f0, 123;
v0x624d52a999f0_124 .array/port v0x624d52a999f0, 124;
v0x624d52a999f0_125 .array/port v0x624d52a999f0, 125;
v0x624d52a999f0_126 .array/port v0x624d52a999f0, 126;
E_0x624d52a44f70/31 .event edge, v0x624d52a999f0_123, v0x624d52a999f0_124, v0x624d52a999f0_125, v0x624d52a999f0_126;
v0x624d52a999f0_127 .array/port v0x624d52a999f0, 127;
v0x624d52a98740_0 .array/port v0x624d52a98740, 0;
v0x624d52a98740_1 .array/port v0x624d52a98740, 1;
E_0x624d52a44f70/32 .event edge, v0x624d52a999f0_127, v0x624d52a98660_0, v0x624d52a98740_0, v0x624d52a98740_1;
v0x624d52a98740_2 .array/port v0x624d52a98740, 2;
v0x624d52a98740_3 .array/port v0x624d52a98740, 3;
v0x624d52a98740_4 .array/port v0x624d52a98740, 4;
v0x624d52a98740_5 .array/port v0x624d52a98740, 5;
E_0x624d52a44f70/33 .event edge, v0x624d52a98740_2, v0x624d52a98740_3, v0x624d52a98740_4, v0x624d52a98740_5;
v0x624d52a98740_6 .array/port v0x624d52a98740, 6;
v0x624d52a98740_7 .array/port v0x624d52a98740, 7;
v0x624d52a98740_8 .array/port v0x624d52a98740, 8;
v0x624d52a98740_9 .array/port v0x624d52a98740, 9;
E_0x624d52a44f70/34 .event edge, v0x624d52a98740_6, v0x624d52a98740_7, v0x624d52a98740_8, v0x624d52a98740_9;
v0x624d52a98740_10 .array/port v0x624d52a98740, 10;
v0x624d52a98740_11 .array/port v0x624d52a98740, 11;
v0x624d52a98740_12 .array/port v0x624d52a98740, 12;
v0x624d52a98740_13 .array/port v0x624d52a98740, 13;
E_0x624d52a44f70/35 .event edge, v0x624d52a98740_10, v0x624d52a98740_11, v0x624d52a98740_12, v0x624d52a98740_13;
v0x624d52a98740_14 .array/port v0x624d52a98740, 14;
v0x624d52a98740_15 .array/port v0x624d52a98740, 15;
v0x624d52a98740_16 .array/port v0x624d52a98740, 16;
v0x624d52a98740_17 .array/port v0x624d52a98740, 17;
E_0x624d52a44f70/36 .event edge, v0x624d52a98740_14, v0x624d52a98740_15, v0x624d52a98740_16, v0x624d52a98740_17;
v0x624d52a98740_18 .array/port v0x624d52a98740, 18;
v0x624d52a98740_19 .array/port v0x624d52a98740, 19;
v0x624d52a98740_20 .array/port v0x624d52a98740, 20;
v0x624d52a98740_21 .array/port v0x624d52a98740, 21;
E_0x624d52a44f70/37 .event edge, v0x624d52a98740_18, v0x624d52a98740_19, v0x624d52a98740_20, v0x624d52a98740_21;
v0x624d52a98740_22 .array/port v0x624d52a98740, 22;
v0x624d52a98740_23 .array/port v0x624d52a98740, 23;
v0x624d52a98740_24 .array/port v0x624d52a98740, 24;
v0x624d52a98740_25 .array/port v0x624d52a98740, 25;
E_0x624d52a44f70/38 .event edge, v0x624d52a98740_22, v0x624d52a98740_23, v0x624d52a98740_24, v0x624d52a98740_25;
v0x624d52a98740_26 .array/port v0x624d52a98740, 26;
v0x624d52a98740_27 .array/port v0x624d52a98740, 27;
v0x624d52a98740_28 .array/port v0x624d52a98740, 28;
v0x624d52a98740_29 .array/port v0x624d52a98740, 29;
E_0x624d52a44f70/39 .event edge, v0x624d52a98740_26, v0x624d52a98740_27, v0x624d52a98740_28, v0x624d52a98740_29;
v0x624d52a98740_30 .array/port v0x624d52a98740, 30;
v0x624d52a98740_31 .array/port v0x624d52a98740, 31;
v0x624d52a98740_32 .array/port v0x624d52a98740, 32;
v0x624d52a98740_33 .array/port v0x624d52a98740, 33;
E_0x624d52a44f70/40 .event edge, v0x624d52a98740_30, v0x624d52a98740_31, v0x624d52a98740_32, v0x624d52a98740_33;
v0x624d52a98740_34 .array/port v0x624d52a98740, 34;
v0x624d52a98740_35 .array/port v0x624d52a98740, 35;
v0x624d52a98740_36 .array/port v0x624d52a98740, 36;
v0x624d52a98740_37 .array/port v0x624d52a98740, 37;
E_0x624d52a44f70/41 .event edge, v0x624d52a98740_34, v0x624d52a98740_35, v0x624d52a98740_36, v0x624d52a98740_37;
v0x624d52a98740_38 .array/port v0x624d52a98740, 38;
v0x624d52a98740_39 .array/port v0x624d52a98740, 39;
v0x624d52a98740_40 .array/port v0x624d52a98740, 40;
v0x624d52a98740_41 .array/port v0x624d52a98740, 41;
E_0x624d52a44f70/42 .event edge, v0x624d52a98740_38, v0x624d52a98740_39, v0x624d52a98740_40, v0x624d52a98740_41;
v0x624d52a98740_42 .array/port v0x624d52a98740, 42;
v0x624d52a98740_43 .array/port v0x624d52a98740, 43;
v0x624d52a98740_44 .array/port v0x624d52a98740, 44;
v0x624d52a98740_45 .array/port v0x624d52a98740, 45;
E_0x624d52a44f70/43 .event edge, v0x624d52a98740_42, v0x624d52a98740_43, v0x624d52a98740_44, v0x624d52a98740_45;
v0x624d52a98740_46 .array/port v0x624d52a98740, 46;
v0x624d52a98740_47 .array/port v0x624d52a98740, 47;
v0x624d52a98740_48 .array/port v0x624d52a98740, 48;
v0x624d52a98740_49 .array/port v0x624d52a98740, 49;
E_0x624d52a44f70/44 .event edge, v0x624d52a98740_46, v0x624d52a98740_47, v0x624d52a98740_48, v0x624d52a98740_49;
v0x624d52a98740_50 .array/port v0x624d52a98740, 50;
v0x624d52a98740_51 .array/port v0x624d52a98740, 51;
v0x624d52a98740_52 .array/port v0x624d52a98740, 52;
v0x624d52a98740_53 .array/port v0x624d52a98740, 53;
E_0x624d52a44f70/45 .event edge, v0x624d52a98740_50, v0x624d52a98740_51, v0x624d52a98740_52, v0x624d52a98740_53;
v0x624d52a98740_54 .array/port v0x624d52a98740, 54;
v0x624d52a98740_55 .array/port v0x624d52a98740, 55;
v0x624d52a98740_56 .array/port v0x624d52a98740, 56;
v0x624d52a98740_57 .array/port v0x624d52a98740, 57;
E_0x624d52a44f70/46 .event edge, v0x624d52a98740_54, v0x624d52a98740_55, v0x624d52a98740_56, v0x624d52a98740_57;
v0x624d52a98740_58 .array/port v0x624d52a98740, 58;
v0x624d52a98740_59 .array/port v0x624d52a98740, 59;
v0x624d52a98740_60 .array/port v0x624d52a98740, 60;
v0x624d52a98740_61 .array/port v0x624d52a98740, 61;
E_0x624d52a44f70/47 .event edge, v0x624d52a98740_58, v0x624d52a98740_59, v0x624d52a98740_60, v0x624d52a98740_61;
v0x624d52a98740_62 .array/port v0x624d52a98740, 62;
v0x624d52a98740_63 .array/port v0x624d52a98740, 63;
v0x624d52a98740_64 .array/port v0x624d52a98740, 64;
v0x624d52a98740_65 .array/port v0x624d52a98740, 65;
E_0x624d52a44f70/48 .event edge, v0x624d52a98740_62, v0x624d52a98740_63, v0x624d52a98740_64, v0x624d52a98740_65;
v0x624d52a98740_66 .array/port v0x624d52a98740, 66;
v0x624d52a98740_67 .array/port v0x624d52a98740, 67;
v0x624d52a98740_68 .array/port v0x624d52a98740, 68;
v0x624d52a98740_69 .array/port v0x624d52a98740, 69;
E_0x624d52a44f70/49 .event edge, v0x624d52a98740_66, v0x624d52a98740_67, v0x624d52a98740_68, v0x624d52a98740_69;
v0x624d52a98740_70 .array/port v0x624d52a98740, 70;
v0x624d52a98740_71 .array/port v0x624d52a98740, 71;
v0x624d52a98740_72 .array/port v0x624d52a98740, 72;
v0x624d52a98740_73 .array/port v0x624d52a98740, 73;
E_0x624d52a44f70/50 .event edge, v0x624d52a98740_70, v0x624d52a98740_71, v0x624d52a98740_72, v0x624d52a98740_73;
v0x624d52a98740_74 .array/port v0x624d52a98740, 74;
v0x624d52a98740_75 .array/port v0x624d52a98740, 75;
v0x624d52a98740_76 .array/port v0x624d52a98740, 76;
v0x624d52a98740_77 .array/port v0x624d52a98740, 77;
E_0x624d52a44f70/51 .event edge, v0x624d52a98740_74, v0x624d52a98740_75, v0x624d52a98740_76, v0x624d52a98740_77;
v0x624d52a98740_78 .array/port v0x624d52a98740, 78;
v0x624d52a98740_79 .array/port v0x624d52a98740, 79;
v0x624d52a98740_80 .array/port v0x624d52a98740, 80;
v0x624d52a98740_81 .array/port v0x624d52a98740, 81;
E_0x624d52a44f70/52 .event edge, v0x624d52a98740_78, v0x624d52a98740_79, v0x624d52a98740_80, v0x624d52a98740_81;
v0x624d52a98740_82 .array/port v0x624d52a98740, 82;
v0x624d52a98740_83 .array/port v0x624d52a98740, 83;
v0x624d52a98740_84 .array/port v0x624d52a98740, 84;
v0x624d52a98740_85 .array/port v0x624d52a98740, 85;
E_0x624d52a44f70/53 .event edge, v0x624d52a98740_82, v0x624d52a98740_83, v0x624d52a98740_84, v0x624d52a98740_85;
v0x624d52a98740_86 .array/port v0x624d52a98740, 86;
v0x624d52a98740_87 .array/port v0x624d52a98740, 87;
v0x624d52a98740_88 .array/port v0x624d52a98740, 88;
v0x624d52a98740_89 .array/port v0x624d52a98740, 89;
E_0x624d52a44f70/54 .event edge, v0x624d52a98740_86, v0x624d52a98740_87, v0x624d52a98740_88, v0x624d52a98740_89;
v0x624d52a98740_90 .array/port v0x624d52a98740, 90;
v0x624d52a98740_91 .array/port v0x624d52a98740, 91;
v0x624d52a98740_92 .array/port v0x624d52a98740, 92;
v0x624d52a98740_93 .array/port v0x624d52a98740, 93;
E_0x624d52a44f70/55 .event edge, v0x624d52a98740_90, v0x624d52a98740_91, v0x624d52a98740_92, v0x624d52a98740_93;
v0x624d52a98740_94 .array/port v0x624d52a98740, 94;
v0x624d52a98740_95 .array/port v0x624d52a98740, 95;
v0x624d52a98740_96 .array/port v0x624d52a98740, 96;
v0x624d52a98740_97 .array/port v0x624d52a98740, 97;
E_0x624d52a44f70/56 .event edge, v0x624d52a98740_94, v0x624d52a98740_95, v0x624d52a98740_96, v0x624d52a98740_97;
v0x624d52a98740_98 .array/port v0x624d52a98740, 98;
v0x624d52a98740_99 .array/port v0x624d52a98740, 99;
v0x624d52a98740_100 .array/port v0x624d52a98740, 100;
v0x624d52a98740_101 .array/port v0x624d52a98740, 101;
E_0x624d52a44f70/57 .event edge, v0x624d52a98740_98, v0x624d52a98740_99, v0x624d52a98740_100, v0x624d52a98740_101;
v0x624d52a98740_102 .array/port v0x624d52a98740, 102;
v0x624d52a98740_103 .array/port v0x624d52a98740, 103;
v0x624d52a98740_104 .array/port v0x624d52a98740, 104;
v0x624d52a98740_105 .array/port v0x624d52a98740, 105;
E_0x624d52a44f70/58 .event edge, v0x624d52a98740_102, v0x624d52a98740_103, v0x624d52a98740_104, v0x624d52a98740_105;
v0x624d52a98740_106 .array/port v0x624d52a98740, 106;
v0x624d52a98740_107 .array/port v0x624d52a98740, 107;
v0x624d52a98740_108 .array/port v0x624d52a98740, 108;
v0x624d52a98740_109 .array/port v0x624d52a98740, 109;
E_0x624d52a44f70/59 .event edge, v0x624d52a98740_106, v0x624d52a98740_107, v0x624d52a98740_108, v0x624d52a98740_109;
v0x624d52a98740_110 .array/port v0x624d52a98740, 110;
v0x624d52a98740_111 .array/port v0x624d52a98740, 111;
v0x624d52a98740_112 .array/port v0x624d52a98740, 112;
v0x624d52a98740_113 .array/port v0x624d52a98740, 113;
E_0x624d52a44f70/60 .event edge, v0x624d52a98740_110, v0x624d52a98740_111, v0x624d52a98740_112, v0x624d52a98740_113;
v0x624d52a98740_114 .array/port v0x624d52a98740, 114;
v0x624d52a98740_115 .array/port v0x624d52a98740, 115;
v0x624d52a98740_116 .array/port v0x624d52a98740, 116;
v0x624d52a98740_117 .array/port v0x624d52a98740, 117;
E_0x624d52a44f70/61 .event edge, v0x624d52a98740_114, v0x624d52a98740_115, v0x624d52a98740_116, v0x624d52a98740_117;
v0x624d52a98740_118 .array/port v0x624d52a98740, 118;
v0x624d52a98740_119 .array/port v0x624d52a98740, 119;
v0x624d52a98740_120 .array/port v0x624d52a98740, 120;
v0x624d52a98740_121 .array/port v0x624d52a98740, 121;
E_0x624d52a44f70/62 .event edge, v0x624d52a98740_118, v0x624d52a98740_119, v0x624d52a98740_120, v0x624d52a98740_121;
v0x624d52a98740_122 .array/port v0x624d52a98740, 122;
v0x624d52a98740_123 .array/port v0x624d52a98740, 123;
v0x624d52a98740_124 .array/port v0x624d52a98740, 124;
v0x624d52a98740_125 .array/port v0x624d52a98740, 125;
E_0x624d52a44f70/63 .event edge, v0x624d52a98740_122, v0x624d52a98740_123, v0x624d52a98740_124, v0x624d52a98740_125;
v0x624d52a98740_126 .array/port v0x624d52a98740, 126;
v0x624d52a98740_127 .array/port v0x624d52a98740, 127;
E_0x624d52a44f70/64 .event edge, v0x624d52a98740_126, v0x624d52a98740_127;
E_0x624d52a44f70 .event/or E_0x624d52a44f70/0, E_0x624d52a44f70/1, E_0x624d52a44f70/2, E_0x624d52a44f70/3, E_0x624d52a44f70/4, E_0x624d52a44f70/5, E_0x624d52a44f70/6, E_0x624d52a44f70/7, E_0x624d52a44f70/8, E_0x624d52a44f70/9, E_0x624d52a44f70/10, E_0x624d52a44f70/11, E_0x624d52a44f70/12, E_0x624d52a44f70/13, E_0x624d52a44f70/14, E_0x624d52a44f70/15, E_0x624d52a44f70/16, E_0x624d52a44f70/17, E_0x624d52a44f70/18, E_0x624d52a44f70/19, E_0x624d52a44f70/20, E_0x624d52a44f70/21, E_0x624d52a44f70/22, E_0x624d52a44f70/23, E_0x624d52a44f70/24, E_0x624d52a44f70/25, E_0x624d52a44f70/26, E_0x624d52a44f70/27, E_0x624d52a44f70/28, E_0x624d52a44f70/29, E_0x624d52a44f70/30, E_0x624d52a44f70/31, E_0x624d52a44f70/32, E_0x624d52a44f70/33, E_0x624d52a44f70/34, E_0x624d52a44f70/35, E_0x624d52a44f70/36, E_0x624d52a44f70/37, E_0x624d52a44f70/38, E_0x624d52a44f70/39, E_0x624d52a44f70/40, E_0x624d52a44f70/41, E_0x624d52a44f70/42, E_0x624d52a44f70/43, E_0x624d52a44f70/44, E_0x624d52a44f70/45, E_0x624d52a44f70/46, E_0x624d52a44f70/47, E_0x624d52a44f70/48, E_0x624d52a44f70/49, E_0x624d52a44f70/50, E_0x624d52a44f70/51, E_0x624d52a44f70/52, E_0x624d52a44f70/53, E_0x624d52a44f70/54, E_0x624d52a44f70/55, E_0x624d52a44f70/56, E_0x624d52a44f70/57, E_0x624d52a44f70/58, E_0x624d52a44f70/59, E_0x624d52a44f70/60, E_0x624d52a44f70/61, E_0x624d52a44f70/62, E_0x624d52a44f70/63, E_0x624d52a44f70/64;
S_0x624d52a9b240 .scope module, "ROB" "rob" 2 46, 5 1 0, S_0x624d52a2ad10;
 .timescale 0 0;
    .port_info 0 /INPUT 1 "clk";
    .port_info 1 /INPUT 1 "reset";
    .port_info 2 /INPUT 7 "prd_new";
    .port_info 3 /INPUT 7 "prd_old";
    .port_info 4 /INPUT 32 "PC";
    .port_info 5 /INPUT 2 "stage";
    .port_info 6 /INPUT 4 "rob_tag";
    .port_info 7 /INPUT 1 "checkpoint";
    .port_info 8 /OUTPUT 1 "full";
    .port_info 9 /OUTPUT 1 "empty";
L_0x77ee52e9f0a8 .functor BUFT 1, C4<00000000000000000000000000000000>, C4<0>, C4<0>, C4<0>;
v0x624d52a9b3d0_0 .net "PC", 31 0, L_0x77ee52e9f0a8;  1 drivers
v0x624d52a9b4b0 .array "buffer", 15 0, 47 0;
v0x624d52a9b570_0 .net "checkpoint", 0 0, o0x77ee52eeb6a8;  alias, 0 drivers
v0x624d52a9b610_0 .net "clk", 0 0, o0x77ee52ee8048;  alias, 0 drivers
v0x624d52a9b700_0 .var "count", 4 0;
v0x624d52a9b830_0 .var "count_bkp", 4 0;
v0x624d52a9b910_0 .var "empty", 0 0;
v0x624d52a9b9d0_0 .var "full", 0 0;
v0x624d52a9ba90_0 .var "head", 3 0;
v0x624d52a9bc00_0 .net "prd_new", 6 0, o0x77ee52eeb7c8;  alias, 0 drivers
L_0x77ee52e9f060 .functor BUFT 1, C4<0000000>, C4<0>, C4<0>, C4<0>;
v0x624d52a9bce0_0 .net "prd_old", 6 0, L_0x77ee52e9f060;  1 drivers
v0x624d52a9bdc0_0 .var "recover", 3 0;
v0x624d52a9bea0_0 .net "reset", 0 0, o0x77ee52ee80d8;  alias, 0 drivers
v0x624d52a9bf40_0 .net "rob_tag", 3 0, o0x77ee52eeb858;  alias, 0 drivers
L_0x77ee52e9f0f0 .functor BUFT 1, C4<00>, C4<0>, C4<0>, C4<0>;
v0x624d52a9c020_0 .net "stage", 1 0, L_0x77ee52e9f0f0;  1 drivers
v0x624d52a9c100_0 .var "tail", 3 0;
S_0x624d52a9c320 .scope module, "RS_ALU" "rsalu" 2 66, 6 1 0, S_0x624d52a2ad10;
 .timescale 0 0;
    .port_info 0 /INPUT 1 "clk";
    .port_info 1 /INPUT 1 "reset";
    .port_info 2 /INPUT 1 "stage";
    .port_info 3 /INPUT 7 "prd_in";
    .port_info 4 /INPUT 7 "prs1_in";
    .port_info 5 /INPUT 1 "prs1_readyin";
    .port_info 6 /INPUT 7 "prs2_in";
    .port_info 7 /INPUT 1 "prs2_readyin";
    .port_info 8 /INPUT 32 "IMM_in";
    .port_info 9 /INPUT 1 "FU_in";
    .port_info 10 /INPUT 4 "rob_tag_in";
L_0x624d52ab1560 .functor NOT 8, L_0x624d52ab1210, C4<00000000>, C4<00000000>, C4<00000000>;
v0x624d52a9cfc0_0 .var "FU", 7 0;
L_0x77ee52e9f258 .functor BUFT 1, C4<0>, C4<0>, C4<0>, C4<0>;
v0x624d52a9d0a0_0 .net "FU_in", 0 0, L_0x77ee52e9f258;  1 drivers
v0x624d52a9d160 .array "IMM", 7 0, 31 0;
L_0x77ee52e9f210 .functor BUFT 1, C4<00000000000000000000000000000000>, C4<0>, C4<0>, C4<0>;
v0x624d52a9d200_0 .net "IMM_in", 31 0, L_0x77ee52e9f210;  1 drivers
v0x624d52a9d2e0_0 .net *"_ivl_1", 0 0, L_0x624d52ab0910;  1 drivers
v0x624d52a9d410_0 .net *"_ivl_11", 0 0, L_0x624d52ab0e30;  1 drivers
v0x624d52a9d4f0_0 .net *"_ivl_13", 0 0, L_0x624d52ab0f40;  1 drivers
v0x624d52a9d5d0_0 .net *"_ivl_15", 0 0, L_0x624d52ab0fe0;  1 drivers
v0x624d52a9d6b0_0 .net *"_ivl_16", 7 0, L_0x624d52ab1210;  1 drivers
v0x624d52a9d790_0 .net *"_ivl_3", 0 0, L_0x624d52ab0a10;  1 drivers
v0x624d52a9d870_0 .net *"_ivl_5", 0 0, L_0x624d52ab0b30;  1 drivers
v0x624d52a9d950_0 .net *"_ivl_7", 0 0, L_0x624d52ab0bd0;  1 drivers
v0x624d52a9da30_0 .net *"_ivl_9", 0 0, L_0x624d52ab0d60;  1 drivers
v0x624d52a9db10_0 .net "clk", 0 0, o0x77ee52ee8048;  alias, 0 drivers
v0x624d52a9dbb0_0 .net "free_index", 2 0, L_0x624d52ab1760;  1 drivers
v0x624d52a9dc70_0 .net "free_valid", 0 0, L_0x624d52ab1670;  1 drivers
v0x624d52a9dd10_0 .net "p_in", 7 0, L_0x624d52ab1560;  1 drivers
v0x624d52a9dec0 .array "prd", 7 0, 6 0;
v0x624d52a9df60_0 .net "prd_in", 6 0, o0x77ee52eeb7c8;  alias, 0 drivers
v0x624d52a9e030 .array "prs1", 7 0, 6 0;
v0x624d52a9e0d0_0 .net "prs1_in", 6 0, o0x77ee52eebeb8;  alias, 0 drivers
v0x624d52a9e1b0_0 .var "prs1_ready", 7 0;
L_0x77ee52e9f180 .functor BUFT 1, C4<1>, C4<0>, C4<0>, C4<0>;
v0x624d52a9e290_0 .net "prs1_readyin", 0 0, L_0x77ee52e9f180;  1 drivers
v0x624d52a9e350 .array "prs2", 7 0, 6 0;
v0x624d52a9e410_0 .net "prs2_in", 6 0, o0x77ee52eebf48;  alias, 0 drivers
v0x624d52a9e4f0_0 .var "prs2_ready", 7 0;
L_0x77ee52e9f1c8 .functor BUFT 1, C4<1>, C4<0>, C4<0>, C4<0>;
v0x624d52a9e5d0_0 .net "prs2_readyin", 0 0, L_0x77ee52e9f1c8;  1 drivers
v0x624d52a9e690_0 .net "reset", 0 0, o0x77ee52ee80d8;  alias, 0 drivers
v0x624d52a9e730 .array "rob_tag", 7 0, 3 0;
v0x624d52a9e7f0_0 .net "rob_tag_in", 3 0, o0x77ee52eeb858;  alias, 0 drivers
v0x624d52a9e8e0_0 .net "stage", 0 0, L_0x624d52ab1870;  1 drivers
v0x624d52a9e980_0 .var "use_rg", 7 0;
L_0x624d52ab0910 .part v0x624d52a9e980_0, 0, 1;
L_0x624d52ab0a10 .part v0x624d52a9e980_0, 1, 1;
L_0x624d52ab0b30 .part v0x624d52a9e980_0, 2, 1;
L_0x624d52ab0bd0 .part v0x624d52a9e980_0, 3, 1;
L_0x624d52ab0d60 .part v0x624d52a9e980_0, 4, 1;
L_0x624d52ab0e30 .part v0x624d52a9e980_0, 5, 1;
L_0x624d52ab0f40 .part v0x624d52a9e980_0, 6, 1;
L_0x624d52ab0fe0 .part v0x624d52a9e980_0, 7, 1;
LS_0x624d52ab1210_0_0 .concat [ 1 1 1 1], L_0x624d52ab0fe0, L_0x624d52ab0f40, L_0x624d52ab0e30, L_0x624d52ab0d60;
LS_0x624d52ab1210_0_4 .concat [ 1 1 1 1], L_0x624d52ab0bd0, L_0x624d52ab0b30, L_0x624d52ab0a10, L_0x624d52ab0910;
L_0x624d52ab1210 .concat [ 4 4 0 0], LS_0x624d52ab1210_0_0, LS_0x624d52ab1210_0_4;
S_0x624d52a9c610 .scope module, "pe" "priority_encoder" 6 32, 7 3 0, S_0x624d52a9c320;
 .timescale -9 -12;
    .port_info 0 /INPUT 8 "in";
    .port_info 1 /OUTPUT 3 "out";
    .port_info 2 /OUTPUT 1 "valid";
P_0x624d52a9c810 .param/l "WIDTH" 0 7 5, +C4<00000000000000000000000000001000>;
L_0x624d52ab1760 .functor BUFZ 3, v0x624d52a9cd50_0, C4<000>, C4<000>, C4<000>;
v0x624d52a9c9f0_0 .var "flag", 0 0;
v0x624d52a9cad0_0 .var/i "i", 31 0;
v0x624d52a9cbb0_0 .net "in", 7 0, L_0x624d52ab1560;  alias, 1 drivers
v0x624d52a9cc70_0 .net "out", 2 0, L_0x624d52ab1760;  alias, 1 drivers
v0x624d52a9cd50_0 .var "out_reg", 2 0;
v0x624d52a9ce80_0 .net "valid", 0 0, L_0x624d52ab1670;  alias, 1 drivers
E_0x624d52a28b90 .event edge, v0x624d52a9cbb0_0, v0x624d52a9c9f0_0, v0x624d52a9cd50_0;
L_0x624d52ab1670 .reduce/or L_0x624d52ab1560;
    .scope S_0x624d52a2aed0;
T_0 ;
    %wait E_0x624d52a3ebe0;
    %load/vec4 v0x624d52a97420_0;
    %flag_set/vec4 8;
    %jmp/0xz  T_0.0, 8;
    %pushi/vec4 0, 0, 59;
    %assign/vec4 v0x624d52a972a0_0, 0;
    %jmp T_0.1;
T_0.0 ;
    %load/vec4 v0x624d52a97610_0;
    %flag_set/vec4 8;
    %jmp/0xz  T_0.2, 8;
    %load/vec4 v0x624d52a97530_0;
    %assign/vec4 v0x624d52a3c6f0_0, 0;
T_0.2 ;
    %load/vec4 v0x624d52a97360_0;
    %flag_set/vec4 8;
    %jmp/0xz  T_0.4, 8;
    %load/vec4 v0x624d52a3c6f0_0;
    %assign/vec4 v0x624d52a972a0_0, 0;
T_0.4 ;
T_0.1 ;
    %jmp T_0;
    .thread T_0;
    .scope S_0x624d52a9b240;
T_1 ;
    %pushi/vec4 0, 0, 4;
    %store/vec4 v0x624d52a9ba90_0, 0, 4;
    %pushi/vec4 0, 0, 4;
    %store/vec4 v0x624d52a9c100_0, 0, 4;
    %pushi/vec4 0, 0, 5;
    %store/vec4 v0x624d52a9b700_0, 0, 5;
    %end;
    .thread T_1;
    .scope S_0x624d52a9b240;
T_2 ;
    %wait E_0x624d52a3ebe0;
    %load/vec4 v0x624d52a9bea0_0;
    %flag_set/vec4 8;
    %jmp/0xz  T_2.0, 8;
    %pushi/vec4 0, 0, 1;
    %assign/vec4 v0x624d52a9b9d0_0, 0;
    %pushi/vec4 1, 0, 1;
    %assign/vec4 v0x624d52a9b910_0, 0;
    %pushi/vec4 0, 0, 5;
    %assign/vec4 v0x624d52a9b700_0, 0;
    %pushi/vec4 0, 0, 4;
    %assign/vec4 v0x624d52a9ba90_0, 0;
    %pushi/vec4 0, 0, 4;
    %assign/vec4 v0x624d52a9c100_0, 0;
    %pushi/vec4 0, 0, 4;
    %assign/vec4 v0x624d52a9bdc0_0, 0;
    %pushi/vec4 0, 0, 5;
    %assign/vec4 v0x624d52a9b830_0, 0;
    %jmp T_2.1;
T_2.0 ;
    %load/vec4 v0x624d52a9c020_0;
    %pad/u 32;
    %pushi/vec4 0, 0, 32;
    %cmp/e;
    %flag_get/vec4 4;
    %load/vec4 v0x624d52a9b9d0_0;
    %nor/r;
    %and;
    %flag_set/vec4 8;
    %jmp/0xz  T_2.2, 8;
    %load/vec4 v0x624d52a9b570_0;
    %flag_set/vec4 8;
    %jmp/0xz  T_2.4, 8;
    %load/vec4 v0x624d52a9b700_0;
    %addi 1, 0, 5;
    %assign/vec4 v0x624d52a9b830_0, 0;
    %load/vec4 v0x624d52a9c100_0;
    %addi 1, 0, 4;
    %assign/vec4 v0x624d52a9bdc0_0, 0;
T_2.4 ;
    %pushi/vec4 1, 0, 1;
    %load/vec4 v0x624d52a9bc00_0;
    %concat/vec4; draw_concat_vec4
    %load/vec4 v0x624d52a9bce0_0;
    %concat/vec4; draw_concat_vec4
    %load/vec4 v0x624d52a9b3d0_0;
    %concat/vec4; draw_concat_vec4
    %concati/vec4 0, 0, 1;
    %load/vec4 v0x624d52a9c100_0;
    %pad/u 6;
    %ix/vec4 3;
    %ix/load 4, 0, 0; Constant delay
    %assign/vec4/a/d v0x624d52a9b4b0, 0, 4;
    %load/vec4 v0x624d52a9c100_0;
    %addi 1, 0, 4;
    %assign/vec4 v0x624d52a9c100_0, 0;
    %load/vec4 v0x624d52a9b700_0;
    %addi 1, 0, 5;
    %assign/vec4 v0x624d52a9b700_0, 0;
    %load/vec4 v0x624d52a9b700_0;
    %pad/u 32;
    %pushi/vec4 15, 0, 32;
    %cmp/e;
    %flag_get/vec4 4;
    %assign/vec4 v0x624d52a9b9d0_0, 0;
    %pushi/vec4 0, 0, 1;
    %assign/vec4 v0x624d52a9b910_0, 0;
    %jmp T_2.3;
T_2.2 ;
    %load/vec4 v0x624d52a9c020_0;
    %pad/u 32;
    %cmpi/e 1, 0, 32;
    %jmp/0xz  T_2.6, 4;
    %load/vec4 v0x624d52a9bf40_0;
    %pad/u 6;
    %ix/vec4 4;
    %load/vec4a v0x624d52a9b4b0, 4;
    %parti/s 47, 1, 2;
    %concati/vec4 1, 0, 1;
    %load/vec4 v0x624d52a9bf40_0;
    %pad/u 6;
    %ix/vec4 3;
    %ix/load 4, 0, 0; Constant delay
    %assign/vec4/a/d v0x624d52a9b4b0, 0, 4;
    %jmp T_2.7;
T_2.6 ;
    %load/vec4 v0x624d52a9c020_0;
    %pad/u 32;
    %pushi/vec4 2, 0, 32;
    %cmp/e;
    %flag_get/vec4 4;
    %load/vec4 v0x624d52a9b910_0;
    %nor/r;
    %and;
    %flag_set/vec4 8;
    %jmp/0xz  T_2.8, 8;
    %pushi/vec4 0, 0, 1;
    %load/vec4 v0x624d52a9ba90_0;
    %pad/u 6;
    %ix/vec4 4;
    %load/vec4a v0x624d52a9b4b0, 4;
    %parti/s 46, 1, 2;
    %concat/vec4; draw_concat_vec4
    %pad/u 48;
    %load/vec4 v0x624d52a9ba90_0;
    %pad/u 6;
    %ix/vec4 3;
    %ix/load 4, 0, 0; Constant delay
    %assign/vec4/a/d v0x624d52a9b4b0, 0, 4;
    %load/vec4 v0x624d52a9ba90_0;
    %addi 1, 0, 4;
    %assign/vec4 v0x624d52a9ba90_0, 0;
    %load/vec4 v0x624d52a9b700_0;
    %subi 1, 0, 5;
    %assign/vec4 v0x624d52a9b700_0, 0;
    %pushi/vec4 0, 0, 1;
    %assign/vec4 v0x624d52a9b9d0_0, 0;
    %load/vec4 v0x624d52a9b700_0;
    %pad/u 32;
    %pushi/vec4 1, 0, 32;
    %cmp/e;
    %flag_get/vec4 4;
    %assign/vec4 v0x624d52a9b910_0, 0;
T_2.8 ;
T_2.7 ;
T_2.3 ;
T_2.1 ;
    %jmp T_2;
    .thread T_2;
    .scope S_0x624d52a9c610;
T_3 ;
    %pushi/vec4 0, 0, 1;
    %store/vec4 v0x624d52a9c9f0_0, 0, 1;
    %pushi/vec4 7, 0, 3;
    %store/vec4 v0x624d52a9cd50_0, 0, 3;
    %end;
    .thread T_3;
    .scope S_0x624d52a9c610;
T_4 ;
    %wait E_0x624d52a28b90;
    %pushi/vec4 0, 0, 1;
    %store/vec4 v0x624d52a9c9f0_0, 0, 1;
    %pushi/vec4 0, 0, 3;
    %store/vec4 v0x624d52a9cd50_0, 0, 3;
    %pushi/vec4 7, 0, 32;
    %store/vec4 v0x624d52a9cad0_0, 0, 32;
T_4.0 ;
    %load/vec4 v0x624d52a9cad0_0;
    %cmpi/s 0, 0, 32;
    %flag_inv 5; GE is !LT
    %jmp/0xz T_4.1, 5;
    %load/vec4 v0x624d52a9cbb0_0;
    %load/vec4 v0x624d52a9cad0_0;
    %part/s 1;
    %pad/u 32;
    %pushi/vec4 1, 0, 32;
    %cmp/e;
    %flag_get/vec4 4;
    %load/vec4 v0x624d52a9c9f0_0;
    %nor/r;
    %and;
    %flag_set/vec4 8;
    %jmp/0xz  T_4.2, 8;
    %pushi/vec4 1, 0, 1;
    %store/vec4 v0x624d52a9c9f0_0, 0, 1;
    %load/vec4 v0x624d52a9cad0_0;
    %pad/s 3;
    %store/vec4 v0x624d52a9cd50_0, 0, 3;
    %jmp T_4.3;
T_4.2 ;
    %load/vec4 v0x624d52a9c9f0_0;
    %store/vec4 v0x624d52a9c9f0_0, 0, 1;
    %load/vec4 v0x624d52a9cd50_0;
    %store/vec4 v0x624d52a9cd50_0, 0, 3;
T_4.3 ;
    %load/vec4 v0x624d52a9cad0_0;
    %subi 1, 0, 32;
    %store/vec4 v0x624d52a9cad0_0, 0, 32;
    %jmp T_4.0;
T_4.1 ;
    %jmp T_4;
    .thread T_4, $push;
    .scope S_0x624d52a9c320;
T_5 ;
    %wait E_0x624d52a3ebe0;
    %load/vec4 v0x624d52a9e690_0;
    %flag_set/vec4 8;
    %jmp/0xz  T_5.0, 8;
    %pushi/vec4 0, 0, 1;
    %ix/load 4, 0, 0;
    %ix/load 5, 0, 0;
    %flag_set/imm 4, 0;
    %assign/vec4/off/d v0x624d52a9e980_0, 4, 5;
    %pushi/vec4 0, 0, 1;
    %ix/load 4, 1, 0;
    %ix/load 5, 0, 0;
    %flag_set/imm 4, 0;
    %assign/vec4/off/d v0x624d52a9e980_0, 4, 5;
    %pushi/vec4 0, 0, 1;
    %ix/load 4, 2, 0;
    %ix/load 5, 0, 0;
    %flag_set/imm 4, 0;
    %assign/vec4/off/d v0x624d52a9e980_0, 4, 5;
    %pushi/vec4 0, 0, 1;
    %ix/load 4, 3, 0;
    %ix/load 5, 0, 0;
    %flag_set/imm 4, 0;
    %assign/vec4/off/d v0x624d52a9e980_0, 4, 5;
    %pushi/vec4 0, 0, 1;
    %ix/load 4, 4, 0;
    %ix/load 5, 0, 0;
    %flag_set/imm 4, 0;
    %assign/vec4/off/d v0x624d52a9e980_0, 4, 5;
    %pushi/vec4 0, 0, 1;
    %ix/load 4, 5, 0;
    %ix/load 5, 0, 0;
    %flag_set/imm 4, 0;
    %assign/vec4/off/d v0x624d52a9e980_0, 4, 5;
    %pushi/vec4 0, 0, 1;
    %ix/load 4, 6, 0;
    %ix/load 5, 0, 0;
    %flag_set/imm 4, 0;
    %assign/vec4/off/d v0x624d52a9e980_0, 4, 5;
    %pushi/vec4 0, 0, 1;
    %ix/load 4, 7, 0;
    %ix/load 5, 0, 0;
    %flag_set/imm 4, 0;
    %assign/vec4/off/d v0x624d52a9e980_0, 4, 5;
    %jmp T_5.1;
T_5.0 ;
    %load/vec4 v0x624d52a9e8e0_0;
    %pad/u 32;
    %cmpi/e 0, 0, 32;
    %jmp/0xz  T_5.2, 4;
    %load/vec4 v0x624d52a9dc70_0;
    %flag_set/vec4 8;
    %jmp/0xz  T_5.4, 8;
    %pushi/vec4 1, 0, 1;
    %ix/load 5, 0, 0;
    %ix/getv 4, v0x624d52a9dbb0_0;
    %assign/vec4/off/d v0x624d52a9e980_0, 4, 5;
    %load/vec4 v0x624d52a9df60_0;
    %load/vec4 v0x624d52a9dbb0_0;
    %pad/u 5;
    %ix/vec4 3;
    %ix/load 4, 0, 0; Constant delay
    %assign/vec4/a/d v0x624d52a9dec0, 0, 4;
    %load/vec4 v0x624d52a9e0d0_0;
    %load/vec4 v0x624d52a9dbb0_0;
    %pad/u 5;
    %ix/vec4 3;
    %ix/load 4, 0, 0; Constant delay
    %assign/vec4/a/d v0x624d52a9e030, 0, 4;
    %load/vec4 v0x624d52a9e290_0;
    %ix/load 5, 0, 0;
    %ix/getv 4, v0x624d52a9dbb0_0;
    %assign/vec4/off/d v0x624d52a9e1b0_0, 4, 5;
    %load/vec4 v0x624d52a9e410_0;
    %load/vec4 v0x624d52a9dbb0_0;
    %pad/u 5;
    %ix/vec4 3;
    %ix/load 4, 0, 0; Constant delay
    %assign/vec4/a/d v0x624d52a9e350, 0, 4;
    %load/vec4 v0x624d52a9e5d0_0;
    %ix/load 5, 0, 0;
    %ix/getv 4, v0x624d52a9dbb0_0;
    %assign/vec4/off/d v0x624d52a9e4f0_0, 4, 5;
    %load/vec4 v0x624d52a9d200_0;
    %load/vec4 v0x624d52a9dbb0_0;
    %pad/u 5;
    %ix/vec4 3;
    %ix/load 4, 0, 0; Constant delay
    %assign/vec4/a/d v0x624d52a9d160, 0, 4;
    %load/vec4 v0x624d52a9d0a0_0;
    %ix/load 5, 0, 0;
    %ix/getv 4, v0x624d52a9dbb0_0;
    %assign/vec4/off/d v0x624d52a9cfc0_0, 4, 5;
    %load/vec4 v0x624d52a9e7f0_0;
    %load/vec4 v0x624d52a9dbb0_0;
    %pad/u 5;
    %ix/vec4 3;
    %ix/load 4, 0, 0; Constant delay
    %assign/vec4/a/d v0x624d52a9e730, 0, 4;
T_5.4 ;
    %jmp T_5.3;
T_5.2 ;
    %load/vec4 v0x624d52a9e8e0_0;
    %pad/u 32;
    %cmpi/e 1, 0, 32;
    %jmp/0xz  T_5.6, 4;
T_5.6 ;
T_5.3 ;
T_5.1 ;
    %jmp T_5;
    .thread T_5;
    .scope S_0x624d52a37bf0;
T_6 ;
    %wait E_0x624d52a3ebe0;
    %load/vec4 v0x624d52a9aec0_0;
    %flag_set/vec4 8;
    %jmp/0xz  T_6.0, 8;
    %pushi/vec4 0, 0, 32;
    %store/vec4 v0x624d52a98370_0, 0, 32;
T_6.2 ;
    %load/vec4 v0x624d52a98370_0;
    %cmpi/s 128, 0, 32;
    %jmp/0xz T_6.3, 5;
    %pushi/vec4 0, 0, 32;
    %ix/getv/s 3, v0x624d52a98370_0;
    %ix/load 4, 0, 0; Constant delay
    %assign/vec4/a/d v0x624d52a999f0, 0, 4;
    %pushi/vec4 1, 0, 1;
    %ix/getv/s 3, v0x624d52a98370_0;
    %ix/load 4, 0, 0; Constant delay
    %assign/vec4/a/d v0x624d52a98740, 0, 4;
    %load/vec4 v0x624d52a98370_0;
    %addi 1, 0, 32;
    %store/vec4 v0x624d52a98370_0, 0, 32;
    %jmp T_6.2;
T_6.3 ;
    %jmp T_6.1;
T_6.0 ;
    %load/vec4 v0x624d52a9b020_0;
    %flag_set/vec4 8;
    %jmp/0xz  T_6.4, 8;
    %load/vec4 v0x624d52a9af60_0;
    %load/vec4 v0x624d52a98450_0;
    %pad/u 9;
    %ix/vec4 3;
    %ix/load 4, 0, 0; Constant delay
    %assign/vec4/a/d v0x624d52a999f0, 0, 4;
    %pushi/vec4 1, 0, 1;
    %load/vec4 v0x624d52a98450_0;
    %pad/u 9;
    %ix/vec4 3;
    %ix/load 4, 0, 0; Constant delay
    %assign/vec4/a/d v0x624d52a98740, 0, 4;
T_6.4 ;
T_6.1 ;
    %jmp T_6;
    .thread T_6;
    .scope S_0x624d52a37bf0;
T_7 ;
    %wait E_0x624d52a44f70;
    %load/vec4 v0x624d52a98580_0;
    %pad/u 9;
    %ix/vec4 4;
    %load/vec4a v0x624d52a999f0, 4;
    %store/vec4 v0x624d52a981f0_0, 0, 32;
    %load/vec4 v0x624d52a98660_0;
    %pad/u 9;
    %ix/vec4 4;
    %load/vec4a v0x624d52a999f0, 4;
    %store/vec4 v0x624d52a982b0_0, 0, 32;
    %load/vec4 v0x624d52a98580_0;
    %pad/u 9;
    %ix/vec4 4;
    %load/vec4a v0x624d52a98740, 4;
    %store/vec4 v0x624d52a997e0_0, 0, 1;
    %load/vec4 v0x624d52a98660_0;
    %pad/u 9;
    %ix/vec4 4;
    %load/vec4a v0x624d52a98740, 4;
    %store/vec4 v0x624d52a99930_0, 0, 1;
    %jmp T_7;
    .thread T_7, $push;
# The file index is used to find the file name in the following table.
:file_names 8;
    "N/A";
    "<interactive>";
    "dispatch.v";
    "pipe_buf.v";
    "prf.v";
    "rob.v";
    "rsalu.v";
    "priority_encoder.v";
