#! /usr/bin/vvp
:ivl_version "11.0 (stable)";
:ivl_delay_selection "TYPICAL";
:vpi_time_precision - 9;
:vpi_module "/usr/lib/x86_64-linux-gnu/ivl/system.vpi";
:vpi_module "/usr/lib/x86_64-linux-gnu/ivl/vhdl_sys.vpi";
:vpi_module "/usr/lib/x86_64-linux-gnu/ivl/vhdl_textio.vpi";
:vpi_module "/usr/lib/x86_64-linux-gnu/ivl/v2005_math.vpi";
:vpi_module "/usr/lib/x86_64-linux-gnu/ivl/va_math.vpi";
S_0x62eef5e2d4c0 .scope module, "tb_circbuf" "tb_circbuf" 2 3;
 .timescale -9 -9;
v0x62eef5e4e3c0_0 .var "clk", 0 0;
v0x62eef5e4e480_0 .net "empty", 0 0, v0x62eef5e1c1a0_0;  1 drivers
v0x62eef5e4e520_0 .net "full", 0 0, v0x62eef5e1c460_0;  1 drivers
v0x62eef5e4e5f0_0 .net "read_data", 31 0, v0x62eef5e1d850_0;  1 drivers
v0x62eef5e4e6c0_0 .var "read_en", 0 0;
v0x62eef5e4e760_0 .var "reset", 0 0;
v0x62eef5e4e830_0 .var "write_data", 31 0;
v0x62eef5e4e900_0 .var "write_en", 0 0;
S_0x62eef5dedcf0 .scope module, "uut" "circbuf" 2 13, 3 1 0, S_0x62eef5e2d4c0;
 .timescale 0 0;
    .port_info 0 /INPUT 1 "clk";
    .port_info 1 /INPUT 1 "reset";
    .port_info 2 /INPUT 1 "write_en";
    .port_info 3 /INPUT 32 "write_data";
    .port_info 4 /INPUT 1 "read_en";
    .port_info 5 /OUTPUT 32 "read_data";
    .port_info 6 /OUTPUT 1 "full";
    .port_info 7 /OUTPUT 1 "empty";
P_0x62eef5e12890 .param/l "DATA_WIDTH" 0 3 3, +C4<00000000000000000000000000100000>;
P_0x62eef5e128d0 .param/l "DEPTH" 0 3 2, +C4<00000000000000000000000000001000>;
v0x62eef5e1abb0 .array "buffer", 7 0, 31 0;
v0x62eef5e1b130_0 .net "clk", 0 0, v0x62eef5e4e3c0_0;  1 drivers
v0x62eef5e1bc00_0 .var "count", 3 0;
v0x62eef5e1c1a0_0 .var "empty", 0 0;
v0x62eef5e1c460_0 .var "full", 0 0;
v0x62eef5e1d7b0_0 .var "head", 2 0;
v0x62eef5e1d850_0 .var "read_data", 31 0;
v0x62eef5e4dec0_0 .net "read_en", 0 0, v0x62eef5e4e6c0_0;  1 drivers
v0x62eef5e4df80_0 .net "reset", 0 0, v0x62eef5e4e760_0;  1 drivers
v0x62eef5e4e040_0 .var "tail", 2 0;
v0x62eef5e4e120_0 .net "write_data", 31 0, v0x62eef5e4e830_0;  1 drivers
v0x62eef5e4e200_0 .net "write_en", 0 0, v0x62eef5e4e900_0;  1 drivers
E_0x62eef5e26ff0 .event posedge, v0x62eef5e1b130_0;
    .scope S_0x62eef5dedcf0;
T_0 ;
    %pushi/vec4 0, 0, 3;
    %store/vec4 v0x62eef5e1d7b0_0, 0, 3;
    %pushi/vec4 0, 0, 3;
    %store/vec4 v0x62eef5e4e040_0, 0, 3;
    %pushi/vec4 0, 0, 4;
    %store/vec4 v0x62eef5e1bc00_0, 0, 4;
    %end;
    .thread T_0;
    .scope S_0x62eef5dedcf0;
T_1 ;
    %wait E_0x62eef5e26ff0;
    %load/vec4 v0x62eef5e4df80_0;
    %flag_set/vec4 8;
    %jmp/0xz  T_1.0, 8;
    %pushi/vec4 0, 0, 3;
    %assign/vec4 v0x62eef5e1d7b0_0, 0;
    %pushi/vec4 0, 0, 3;
    %assign/vec4 v0x62eef5e4e040_0, 0;
    %pushi/vec4 0, 0, 32;
    %assign/vec4 v0x62eef5e1d850_0, 0;
    %pushi/vec4 0, 0, 1;
    %assign/vec4 v0x62eef5e1c460_0, 0;
    %pushi/vec4 1, 0, 1;
    %assign/vec4 v0x62eef5e1c1a0_0, 0;
    %pushi/vec4 0, 0, 4;
    %assign/vec4 v0x62eef5e1bc00_0, 0;
    %jmp T_1.1;
T_1.0 ;
    %load/vec4 v0x62eef5e4e200_0;
    %load/vec4 v0x62eef5e1c460_0;
    %nor/r;
    %and;
    %flag_set/vec4 8;
    %jmp/0xz  T_1.2, 8;
    %load/vec4 v0x62eef5e4e120_0;
    %load/vec4 v0x62eef5e4e040_0;
    %pad/u 5;
    %ix/vec4 3;
    %ix/load 4, 0, 0; Constant delay
    %assign/vec4/a/d v0x62eef5e1abb0, 0, 4;
    %load/vec4 v0x62eef5e4e040_0;
    %addi 1, 0, 3;
    %assign/vec4 v0x62eef5e4e040_0, 0;
    %load/vec4 v0x62eef5e1bc00_0;
    %addi 1, 0, 4;
    %assign/vec4 v0x62eef5e1bc00_0, 0;
    %pushi/vec4 0, 0, 1;
    %assign/vec4 v0x62eef5e1c1a0_0, 0;
    %load/vec4 v0x62eef5e1bc00_0;
    %pad/u 32;
    %pushi/vec4 7, 0, 32;
    %cmp/e;
    %flag_get/vec4 4;
    %assign/vec4 v0x62eef5e1c460_0, 0;
T_1.2 ;
    %load/vec4 v0x62eef5e4dec0_0;
    %load/vec4 v0x62eef5e1c1a0_0;
    %nor/r;
    %and;
    %flag_set/vec4 8;
    %jmp/0xz  T_1.4, 8;
    %load/vec4 v0x62eef5e1d7b0_0;
    %pad/u 5;
    %ix/vec4 4;
    %load/vec4a v0x62eef5e1abb0, 4;
    %assign/vec4 v0x62eef5e1d850_0, 0;
    %load/vec4 v0x62eef5e1d7b0_0;
    %addi 1, 0, 3;
    %assign/vec4 v0x62eef5e1d7b0_0, 0;
    %load/vec4 v0x62eef5e1bc00_0;
    %subi 1, 0, 4;
    %assign/vec4 v0x62eef5e1bc00_0, 0;
    %load/vec4 v0x62eef5e1bc00_0;
    %pad/u 32;
    %pushi/vec4 1, 0, 32;
    %cmp/e;
    %flag_get/vec4 4;
    %assign/vec4 v0x62eef5e1c1a0_0, 0;
    %pushi/vec4 0, 0, 1;
    %assign/vec4 v0x62eef5e1c460_0, 0;
T_1.4 ;
T_1.1 ;
    %jmp T_1;
    .thread T_1;
    .scope S_0x62eef5e2d4c0;
T_2 ;
    %pushi/vec4 0, 0, 1;
    %store/vec4 v0x62eef5e4e3c0_0, 0, 1;
    %pushi/vec4 1, 0, 1;
    %store/vec4 v0x62eef5e4e760_0, 0, 1;
    %pushi/vec4 0, 0, 1;
    %store/vec4 v0x62eef5e4e900_0, 0, 1;
    %pushi/vec4 0, 0, 1;
    %store/vec4 v0x62eef5e4e6c0_0, 0, 1;
    %pushi/vec4 0, 0, 32;
    %store/vec4 v0x62eef5e4e830_0, 0, 32;
    %end;
    .thread T_2;
    .scope S_0x62eef5e2d4c0;
T_3 ;
    %delay 5, 0;
    %load/vec4 v0x62eef5e4e3c0_0;
    %inv;
    %store/vec4 v0x62eef5e4e3c0_0, 0, 1;
    %jmp T_3;
    .thread T_3;
    .scope S_0x62eef5e2d4c0;
T_4 ;
    %vpi_call 2 28 "$dumpfile", "circbuf.vcd" {0 0 0};
    %vpi_call 2 29 "$dumpvars", 32'sb00000000000000000000000000000000, S_0x62eef5e2d4c0 {0 0 0};
    %pushi/vec4 1, 0, 1;
    %store/vec4 v0x62eef5e4e3c0_0, 0, 1;
    %vpi_call 2 31 "$display", "Starting FIFO test..." {0 0 0};
    %pushi/vec4 1, 0, 1;
    %assign/vec4 v0x62eef5e4e760_0, 0;
    %pushi/vec4 0, 0, 1;
    %assign/vec4 v0x62eef5e4e900_0, 0;
    %pushi/vec4 0, 0, 1;
    %assign/vec4 v0x62eef5e4e6c0_0, 0;
    %pushi/vec4 0, 0, 32;
    %assign/vec4 v0x62eef5e4e830_0, 0;
    %wait E_0x62eef5e26ff0;
    %pushi/vec4 0, 0, 1;
    %assign/vec4 v0x62eef5e4e760_0, 0;
T_4.0 ;
    %load/vec4 v0x62eef5e4e520_0;
    %nor/r;
    %flag_set/vec4 8;
    %jmp/0xz T_4.1, 8;
    %wait E_0x62eef5e26ff0;
    %pushi/vec4 1, 0, 1;
    %assign/vec4 v0x62eef5e4e900_0, 0;
    %load/vec4 v0x62eef5e4e830_0;
    %addi 1, 0, 32;
    %assign/vec4 v0x62eef5e4e830_0, 0;
    %wait E_0x62eef5e26ff0;
    %pushi/vec4 0, 0, 1;
    %assign/vec4 v0x62eef5e4e900_0, 0;
    %jmp T_4.0;
T_4.1 ;
    %vpi_call 2 48 "$display", "FIFO is full, starting to read 4 elements..." {0 0 0};
    %pushi/vec4 4, 0, 32;
T_4.2 %dup/vec4;
    %pushi/vec4 0, 0, 32;
    %cmp/s;
    %jmp/1xz T_4.3, 5;
    %jmp/1 T_4.3, 4;
    %pushi/vec4 1, 0, 32;
    %sub;
    %wait E_0x62eef5e26ff0;
    %load/vec4 v0x62eef5e4e480_0;
    %nor/r;
    %flag_set/vec4 8;
    %jmp/0xz  T_4.4, 8;
    %pushi/vec4 1, 0, 1;
    %assign/vec4 v0x62eef5e4e6c0_0, 0;
    %wait E_0x62eef5e26ff0;
    %pushi/vec4 0, 0, 1;
    %assign/vec4 v0x62eef5e4e6c0_0, 0;
T_4.4 ;
    %jmp T_4.2;
T_4.3 ;
    %pop/vec4 1;
    %vpi_call 2 60 "$display", "Step 2 complete, writing again until full..." {0 0 0};
T_4.6 ;
    %load/vec4 v0x62eef5e4e520_0;
    %nor/r;
    %flag_set/vec4 8;
    %jmp/0xz T_4.7, 8;
    %wait E_0x62eef5e26ff0;
    %pushi/vec4 1, 0, 1;
    %assign/vec4 v0x62eef5e4e900_0, 0;
    %load/vec4 v0x62eef5e4e830_0;
    %addi 1, 0, 32;
    %assign/vec4 v0x62eef5e4e830_0, 0;
    %wait E_0x62eef5e26ff0;
    %pushi/vec4 0, 0, 1;
    %assign/vec4 v0x62eef5e4e900_0, 0;
    %jmp T_4.6;
T_4.7 ;
    %vpi_call 2 71 "$display", "Step 3 complete, reading remaining elements..." {0 0 0};
T_4.8 ;
    %load/vec4 v0x62eef5e4e480_0;
    %nor/r;
    %flag_set/vec4 8;
    %jmp/0xz T_4.9, 8;
    %wait E_0x62eef5e26ff0;
    %pushi/vec4 1, 0, 1;
    %assign/vec4 v0x62eef5e4e6c0_0, 0;
    %wait E_0x62eef5e26ff0;
    %pushi/vec4 0, 0, 1;
    %assign/vec4 v0x62eef5e4e6c0_0, 0;
    %jmp T_4.8;
T_4.9 ;
    %vpi_call 2 81 "$display", "FIFO read complete." {0 0 0};
    %delay 10, 0;
    %vpi_call 2 82 "$finish" {0 0 0};
    %end;
    .thread T_4;
    .scope S_0x62eef5e2d4c0;
T_5 ;
    %wait E_0x62eef5e26ff0;
    %vpi_call 2 87 "$display", "Time=%0t | WriteEn=%b ReadEn=%b | WriteData=%0d ReadData=%0d | Full=%b Empty=%b", $time, v0x62eef5e4e900_0, v0x62eef5e4e6c0_0, v0x62eef5e4e830_0, v0x62eef5e4e5f0_0, v0x62eef5e4e520_0, v0x62eef5e4e480_0 {0 0 0};
    %jmp T_5;
    .thread T_5;
# The file index is used to find the file name in the following table.
:file_names 4;
    "N/A";
    "<interactive>";
    "circbuf_tb.v";
    "circbuf.v";
