#! /usr/bin/vvp
:ivl_version "11.0 (stable)";
:ivl_delay_selection "TYPICAL";
:vpi_time_precision + 0;
:vpi_module "/usr/lib/x86_64-linux-gnu/ivl/system.vpi";
:vpi_module "/usr/lib/x86_64-linux-gnu/ivl/vhdl_sys.vpi";
:vpi_module "/usr/lib/x86_64-linux-gnu/ivl/vhdl_textio.vpi";
:vpi_module "/usr/lib/x86_64-linux-gnu/ivl/v2005_math.vpi";
:vpi_module "/usr/lib/x86_64-linux-gnu/ivl/va_math.vpi";
S_0x64f2ca4b19f0 .scope module, "decode" "decode" 2 1;
 .timescale 0 0;
    .port_info 0 /INPUT 1 "ready_o";
    .port_info 1 /INPUT 32 "instruction";
    .port_info 2 /INPUT 12 "PC";
    .port_info 3 /INPUT 1 "valid_i";
    .port_info 4 /OUTPUT 1 "valid_o";
    .port_info 5 /OUTPUT 1 "ready_i";
    .port_info 6 /OUTPUT 5 "rs1";
    .port_info 7 /OUTPUT 5 "rs2";
    .port_info 8 /OUTPUT 5 "rd";
    .port_info 9 /OUTPUT 32 "immediate";
    .port_info 10 /OUTPUT 3 "ALUOp";
    .port_info 11 /OUTPUT 2 "FUType";
    .port_info 12 /OUTPUT 1 "ALUSrc";
    .port_info 13 /OUTPUT 1 "LS";
    .port_info 14 /OUTPUT 1 "Branch";
    .port_info 15 /OUTPUT 1 "Jump";
P_0x64f2ca48ac40 .param/l "branch" 0 2 39, C4<1100011>;
P_0x64f2ca48ac80 .param/l "itype" 0 2 36, C4<0010011>;
P_0x64f2ca48acc0 .param/l "jump" 0 2 40, C4<1100111>;
P_0x64f2ca48ad00 .param/l "load" 0 2 37, C4<0000011>;
P_0x64f2ca48ad40 .param/l "lui" 0 2 41, C4<0110111>;
P_0x64f2ca48ad80 .param/l "rtype" 0 2 35, C4<0110011>;
P_0x64f2ca48adc0 .param/l "store" 0 2 38, C4<0100011>;
L_0x64f2ca4edec0 .functor BUFZ 1, v0x64f2ca4ec9a0_0, C4<0>, C4<0>, C4<0>;
L_0x64f2ca4edf50 .functor BUFZ 1, v0x64f2ca4ed030_0, C4<0>, C4<0>, C4<0>;
L_0x64f2ca4edfc0 .functor BUFZ 1, v0x64f2ca4ecb70_0, C4<0>, C4<0>, C4<0>;
L_0x64f2ca4ee060 .functor BUFZ 1, v0x64f2ca4eceb0_0, C4<0>, C4<0>, C4<0>;
L_0x64f2ca4ee160 .functor BUFZ 2, v0x64f2ca4ecd10_0, C4<00>, C4<00>, C4<00>;
L_0x64f2ca4ee230 .functor BUFZ 3, v0x64f2ca4c6ab0_0, C4<000>, C4<000>, C4<000>;
o0x7ff9ea8553a8 .functor BUFZ 1, C4<z>; HiZ drive
L_0x64f2ca4ee340 .functor BUFZ 1, o0x7ff9ea8553a8, C4<0>, C4<0>, C4<0>;
L_0x64f2ca4ee3e0 .functor BUFZ 1, v0x64f2ca4edc00_0, C4<0>, C4<0>, C4<0>;
L_0x64f2ca4ee500 .functor BUFZ 32, v0x64f2ca4ed1d0_0, C4<00000000000000000000000000000000>, C4<00000000000000000000000000000000>, C4<00000000000000000000000000000000>;
v0x64f2ca4c6f60_0 .net "ALUOp", 2 0, L_0x64f2ca4ee230;  1 drivers
v0x64f2ca4c6ab0_0 .var "ALUOp_reg", 2 0;
v0x64f2ca4c6dd0_0 .net "ALUSrc", 0 0, L_0x64f2ca4edec0;  1 drivers
v0x64f2ca4ec9a0_0 .var "ALUSrc_reg", 0 0;
v0x64f2ca4eca60_0 .net "Branch", 0 0, L_0x64f2ca4edfc0;  1 drivers
v0x64f2ca4ecb70_0 .var "Branch_reg", 0 0;
v0x64f2ca4ecc30_0 .net "FUType", 1 0, L_0x64f2ca4ee160;  1 drivers
v0x64f2ca4ecd10_0 .var "FUType_reg", 1 0;
v0x64f2ca4ecdf0_0 .net "Jump", 0 0, L_0x64f2ca4ee060;  1 drivers
v0x64f2ca4eceb0_0 .var "Jump_reg", 0 0;
v0x64f2ca4ecf70_0 .net "LS", 0 0, L_0x64f2ca4edf50;  1 drivers
v0x64f2ca4ed030_0 .var "LS_reg", 0 0;
o0x7ff9ea855258 .functor BUFZ 12, C4<zzzzzzzzzzzz>; HiZ drive
v0x64f2ca4ed0f0_0 .net "PC", 11 0, o0x7ff9ea855258;  0 drivers
v0x64f2ca4ed1d0_0 .var "imm_reg", 31 0;
v0x64f2ca4ed2b0_0 .net "immediate", 31 0, L_0x64f2ca4ee500;  1 drivers
o0x7ff9ea8552e8 .functor BUFZ 32, C4<zzzzzzzzzzzzzzzzzzzzzzzzzzzzzzzz>; HiZ drive
v0x64f2ca4ed390_0 .net "instruction", 31 0, o0x7ff9ea8552e8;  0 drivers
v0x64f2ca4ed470_0 .net "opcode", 6 0, L_0x64f2ca4ee840;  1 drivers
v0x64f2ca4ed660_0 .net "rd", 4 0, L_0x64f2ca4ee7a0;  1 drivers
v0x64f2ca4ed740_0 .net "ready_i", 0 0, L_0x64f2ca4ee340;  1 drivers
v0x64f2ca4ed800_0 .net "ready_o", 0 0, o0x7ff9ea8553a8;  0 drivers
v0x64f2ca4ed8c0_0 .net "rs1", 4 0, L_0x64f2ca4ee5d0;  1 drivers
v0x64f2ca4ed9a0_0 .net "rs2", 4 0, L_0x64f2ca4ee6d0;  1 drivers
o0x7ff9ea855438 .functor BUFZ 1, C4<z>; HiZ drive
v0x64f2ca4eda80_0 .net "valid_i", 0 0, o0x7ff9ea855438;  0 drivers
v0x64f2ca4edb40_0 .net "valid_o", 0 0, L_0x64f2ca4ee3e0;  1 drivers
v0x64f2ca4edc00_0 .var "valid_oreg", 0 0;
E_0x64f2ca4c1df0 .event edge, v0x64f2ca4eda80_0, v0x64f2ca4ed470_0, v0x64f2ca4ed390_0;
L_0x64f2ca4ee5d0 .part o0x7ff9ea8552e8, 15, 5;
L_0x64f2ca4ee6d0 .part o0x7ff9ea8552e8, 20, 5;
L_0x64f2ca4ee7a0 .part o0x7ff9ea8552e8, 7, 5;
L_0x64f2ca4ee840 .part o0x7ff9ea8552e8, 0, 7;
    .scope S_0x64f2ca4b19f0;
T_0 ;
    %wait E_0x64f2ca4c1df0;
    %load/vec4 v0x64f2ca4eda80_0;
    %flag_set/vec4 8;
    %jmp/0xz  T_0.0, 8;
    %load/vec4 v0x64f2ca4ed470_0;
    %dup/vec4;
    %pushi/vec4 51, 0, 7;
    %cmp/u;
    %jmp/1 T_0.2, 6;
    %dup/vec4;
    %pushi/vec4 19, 0, 7;
    %cmp/u;
    %jmp/1 T_0.3, 6;
    %dup/vec4;
    %pushi/vec4 3, 0, 7;
    %cmp/u;
    %jmp/1 T_0.4, 6;
    %dup/vec4;
    %pushi/vec4 35, 0, 7;
    %cmp/u;
    %jmp/1 T_0.5, 6;
    %dup/vec4;
    %pushi/vec4 99, 0, 7;
    %cmp/u;
    %jmp/1 T_0.6, 6;
    %dup/vec4;
    %pushi/vec4 103, 0, 7;
    %cmp/u;
    %jmp/1 T_0.7, 6;
    %dup/vec4;
    %pushi/vec4 55, 0, 7;
    %cmp/u;
    %jmp/1 T_0.8, 6;
    %pushi/vec4 0, 0, 1;
    %store/vec4 v0x64f2ca4ec9a0_0, 0, 1;
    %pushi/vec4 0, 0, 1;
    %store/vec4 v0x64f2ca4ed030_0, 0, 1;
    %pushi/vec4 0, 0, 2;
    %store/vec4 v0x64f2ca4ecd10_0, 0, 2;
    %pushi/vec4 0, 0, 3;
    %store/vec4 v0x64f2ca4c6ab0_0, 0, 3;
    %pushi/vec4 0, 0, 1;
    %store/vec4 v0x64f2ca4ecb70_0, 0, 1;
    %pushi/vec4 0, 0, 1;
    %store/vec4 v0x64f2ca4eceb0_0, 0, 1;
    %pushi/vec4 0, 0, 32;
    %store/vec4 v0x64f2ca4ed1d0_0, 0, 32;
    %pushi/vec4 0, 0, 1;
    %store/vec4 v0x64f2ca4edc00_0, 0, 1;
    %jmp T_0.10;
T_0.2 ;
    %pushi/vec4 0, 0, 1;
    %store/vec4 v0x64f2ca4ec9a0_0, 0, 1;
    %pushi/vec4 0, 0, 1;
    %store/vec4 v0x64f2ca4ed030_0, 0, 1;
    %pushi/vec4 0, 0, 2;
    %store/vec4 v0x64f2ca4ecd10_0, 0, 2;
    %pushi/vec4 4, 0, 3;
    %store/vec4 v0x64f2ca4c6ab0_0, 0, 3;
    %pushi/vec4 0, 0, 1;
    %store/vec4 v0x64f2ca4ecb70_0, 0, 1;
    %pushi/vec4 0, 0, 1;
    %store/vec4 v0x64f2ca4eceb0_0, 0, 1;
    %pushi/vec4 0, 0, 32;
    %store/vec4 v0x64f2ca4ed1d0_0, 0, 32;
    %pushi/vec4 1, 0, 1;
    %store/vec4 v0x64f2ca4edc00_0, 0, 1;
    %jmp T_0.10;
T_0.3 ;
    %pushi/vec4 1, 0, 1;
    %store/vec4 v0x64f2ca4ec9a0_0, 0, 1;
    %pushi/vec4 0, 0, 1;
    %store/vec4 v0x64f2ca4ed030_0, 0, 1;
    %pushi/vec4 0, 0, 2;
    %store/vec4 v0x64f2ca4ecd10_0, 0, 2;
    %pushi/vec4 6, 0, 3;
    %store/vec4 v0x64f2ca4c6ab0_0, 0, 3;
    %pushi/vec4 0, 0, 1;
    %store/vec4 v0x64f2ca4ecb70_0, 0, 1;
    %pushi/vec4 0, 0, 1;
    %store/vec4 v0x64f2ca4eceb0_0, 0, 1;
    %load/vec4 v0x64f2ca4ed390_0;
    %parti/s 1, 31, 6;
    %replicate 20;
    %load/vec4 v0x64f2ca4ed390_0;
    %parti/s 12, 20, 6;
    %concat/vec4; draw_concat_vec4
    %store/vec4 v0x64f2ca4ed1d0_0, 0, 32;
    %pushi/vec4 1, 0, 1;
    %store/vec4 v0x64f2ca4edc00_0, 0, 1;
    %jmp T_0.10;
T_0.4 ;
    %pushi/vec4 1, 0, 1;
    %store/vec4 v0x64f2ca4ec9a0_0, 0, 1;
    %pushi/vec4 1, 0, 1;
    %store/vec4 v0x64f2ca4ed030_0, 0, 1;
    %pushi/vec4 1, 0, 2;
    %store/vec4 v0x64f2ca4ecd10_0, 0, 2;
    %pushi/vec4 0, 0, 3;
    %store/vec4 v0x64f2ca4c6ab0_0, 0, 3;
    %pushi/vec4 0, 0, 1;
    %store/vec4 v0x64f2ca4ecb70_0, 0, 1;
    %pushi/vec4 0, 0, 1;
    %store/vec4 v0x64f2ca4eceb0_0, 0, 1;
    %load/vec4 v0x64f2ca4ed390_0;
    %parti/s 1, 31, 6;
    %replicate 20;
    %load/vec4 v0x64f2ca4ed390_0;
    %parti/s 12, 20, 6;
    %concat/vec4; draw_concat_vec4
    %store/vec4 v0x64f2ca4ed1d0_0, 0, 32;
    %pushi/vec4 1, 0, 1;
    %store/vec4 v0x64f2ca4edc00_0, 0, 1;
    %jmp T_0.10;
T_0.5 ;
    %pushi/vec4 1, 0, 1;
    %store/vec4 v0x64f2ca4ec9a0_0, 0, 1;
    %pushi/vec4 1, 0, 1;
    %store/vec4 v0x64f2ca4ed030_0, 0, 1;
    %pushi/vec4 1, 0, 2;
    %store/vec4 v0x64f2ca4ecd10_0, 0, 2;
    %pushi/vec4 6, 0, 3;
    %store/vec4 v0x64f2ca4c6ab0_0, 0, 3;
    %pushi/vec4 0, 0, 1;
    %store/vec4 v0x64f2ca4ecb70_0, 0, 1;
    %pushi/vec4 0, 0, 1;
    %store/vec4 v0x64f2ca4eceb0_0, 0, 1;
    %load/vec4 v0x64f2ca4ed390_0;
    %parti/s 1, 31, 6;
    %replicate 20;
    %load/vec4 v0x64f2ca4ed390_0;
    %parti/s 7, 25, 6;
    %concat/vec4; draw_concat_vec4
    %load/vec4 v0x64f2ca4ed390_0;
    %parti/s 6, 7, 4;
    %concat/vec4; draw_concat_vec4
    %pad/u 32;
    %store/vec4 v0x64f2ca4ed1d0_0, 0, 32;
    %pushi/vec4 1, 0, 1;
    %store/vec4 v0x64f2ca4edc00_0, 0, 1;
    %jmp T_0.10;
T_0.6 ;
    %pushi/vec4 0, 0, 1;
    %store/vec4 v0x64f2ca4ec9a0_0, 0, 1;
    %pushi/vec4 0, 0, 1;
    %store/vec4 v0x64f2ca4ed030_0, 0, 1;
    %pushi/vec4 2, 0, 2;
    %store/vec4 v0x64f2ca4ecd10_0, 0, 2;
    %pushi/vec4 2, 0, 3;
    %store/vec4 v0x64f2ca4c6ab0_0, 0, 3;
    %pushi/vec4 1, 0, 1;
    %store/vec4 v0x64f2ca4ecb70_0, 0, 1;
    %pushi/vec4 0, 0, 1;
    %store/vec4 v0x64f2ca4eceb0_0, 0, 1;
    %load/vec4 v0x64f2ca4ed390_0;
    %parti/s 1, 31, 6;
    %replicate 20;
    %load/vec4 v0x64f2ca4ed390_0;
    %parti/s 1, 7, 4;
    %concat/vec4; draw_concat_vec4
    %load/vec4 v0x64f2ca4ed390_0;
    %parti/s 6, 25, 6;
    %concat/vec4; draw_concat_vec4
    %load/vec4 v0x64f2ca4ed390_0;
    %parti/s 4, 8, 5;
    %concat/vec4; draw_concat_vec4
    %concati/vec4 0, 0, 1;
    %store/vec4 v0x64f2ca4ed1d0_0, 0, 32;
    %pushi/vec4 1, 0, 1;
    %store/vec4 v0x64f2ca4edc00_0, 0, 1;
    %jmp T_0.10;
T_0.7 ;
    %pushi/vec4 1, 0, 1;
    %store/vec4 v0x64f2ca4ec9a0_0, 0, 1;
    %pushi/vec4 0, 0, 1;
    %store/vec4 v0x64f2ca4ed030_0, 0, 1;
    %pushi/vec4 3, 0, 2;
    %store/vec4 v0x64f2ca4ecd10_0, 0, 2;
    %pushi/vec4 0, 0, 3;
    %store/vec4 v0x64f2ca4c6ab0_0, 0, 3;
    %pushi/vec4 0, 0, 1;
    %store/vec4 v0x64f2ca4ecb70_0, 0, 1;
    %pushi/vec4 1, 0, 1;
    %store/vec4 v0x64f2ca4eceb0_0, 0, 1;
    %load/vec4 v0x64f2ca4ed390_0;
    %parti/s 1, 31, 6;
    %replicate 20;
    %load/vec4 v0x64f2ca4ed390_0;
    %parti/s 12, 20, 6;
    %concat/vec4; draw_concat_vec4
    %store/vec4 v0x64f2ca4ed1d0_0, 0, 32;
    %pushi/vec4 1, 0, 1;
    %store/vec4 v0x64f2ca4edc00_0, 0, 1;
    %jmp T_0.10;
T_0.8 ;
    %pushi/vec4 1, 0, 1;
    %store/vec4 v0x64f2ca4ec9a0_0, 0, 1;
    %pushi/vec4 1, 0, 1;
    %store/vec4 v0x64f2ca4ed030_0, 0, 1;
    %pushi/vec4 1, 0, 2;
    %store/vec4 v0x64f2ca4ecd10_0, 0, 2;
    %pushi/vec4 7, 0, 3;
    %store/vec4 v0x64f2ca4c6ab0_0, 0, 3;
    %pushi/vec4 0, 0, 1;
    %store/vec4 v0x64f2ca4ecb70_0, 0, 1;
    %pushi/vec4 0, 0, 1;
    %store/vec4 v0x64f2ca4eceb0_0, 0, 1;
    %load/vec4 v0x64f2ca4ed390_0;
    %parti/s 1, 19, 6;
    %replicate 12;
    %load/vec4 v0x64f2ca4ed390_0;
    %parti/s 20, 12, 5;
    %concat/vec4; draw_concat_vec4
    %store/vec4 v0x64f2ca4ed1d0_0, 0, 32;
    %pushi/vec4 1, 0, 1;
    %store/vec4 v0x64f2ca4edc00_0, 0, 1;
    %jmp T_0.10;
T_0.10 ;
    %pop/vec4 1;
T_0.0 ;
    %jmp T_0;
    .thread T_0, $push;
# The file index is used to find the file name in the following table.
:file_names 3;
    "N/A";
    "<interactive>";
    "decode.v";
