#! /usr/bin/vvp
:ivl_version "11.0 (stable)";
:ivl_delay_selection "TYPICAL";
:vpi_time_precision + 0;
:vpi_module "/usr/lib/x86_64-linux-gnu/ivl/system.vpi";
:vpi_module "/usr/lib/x86_64-linux-gnu/ivl/vhdl_sys.vpi";
:vpi_module "/usr/lib/x86_64-linux-gnu/ivl/vhdl_textio.vpi";
:vpi_module "/usr/lib/x86_64-linux-gnu/ivl/v2005_math.vpi";
:vpi_module "/usr/lib/x86_64-linux-gnu/ivl/va_math.vpi";
S_0x5696096bf130 .scope module, "skid_buffer" "skid_buffer" 2 1;
 .timescale 0 0;
    .port_info 0 /INPUT 1 "clk";
    .port_info 1 /INPUT 1 "reset";
    .port_info 2 /INPUT 1 "valid_in";
    .port_info 3 /INPUT 32 "data_in";
    .port_info 4 /OUTPUT 1 "ready_in";
    .port_info 5 /INPUT 1 "ready_out";
    .port_info 6 /OUTPUT 1 "valid_out";
    .port_info 7 /OUTPUT 32 "data_out";
o0x7a856039f018 .functor BUFZ 1, C4<z>; HiZ drive
v0x56960969b350_0 .net "clk", 0 0, o0x7a856039f018;  0 drivers
o0x7a856039f048 .functor BUFZ 32, C4<zzzzzzzzzzzzzzzzzzzzzzzzzzzzzzzz>; HiZ drive
v0x56960969b7b0_0 .net "data_in", 31 0, o0x7a856039f048;  0 drivers
o0x7a856039f078 .functor BUFZ 32, C4<zzzzzzzzzzzzzzzzzzzzzzzzzzzzzzzz>; HiZ drive
v0x56960969bba0_0 .net "data_out", 31 0, o0x7a856039f078;  0 drivers
o0x7a856039f0a8 .functor BUFZ 1, C4<z>; HiZ drive
v0x5696096e1050_0 .net "ready_in", 0 0, o0x7a856039f0a8;  0 drivers
o0x7a856039f0d8 .functor BUFZ 1, C4<z>; HiZ drive
v0x5696096e1110_0 .net "ready_out", 0 0, o0x7a856039f0d8;  0 drivers
o0x7a856039f108 .functor BUFZ 1, C4<z>; HiZ drive
v0x5696096e1220_0 .net "reset", 0 0, o0x7a856039f108;  0 drivers
o0x7a856039f138 .functor BUFZ 1, C4<z>; HiZ drive
v0x5696096e12e0_0 .net "valid_in", 0 0, o0x7a856039f138;  0 drivers
o0x7a856039f168 .functor BUFZ 1, C4<z>; HiZ drive
v0x5696096e13a0_0 .net "valid_out", 0 0, o0x7a856039f168;  0 drivers
# The file index is used to find the file name in the following table.
:file_names 3;
    "N/A";
    "<interactive>";
    "skidbuf.v";
